/home/ubu/Desktop/Assessment/defect_classification_stack/train_optimizer_comparison.py:168: UserWarning: Converting a tensor with requires_grad=True to a scalar may lead to unexpected behavior.
Consider using tensor.detach() first. (Triggered internally at /pytorch/torch/csrc/autograd/generated/python_variable_methods.cpp:836.)
  epoch_loss += float(loss) * len(batch_idx)
Loading images and extracting HOG features...
HOG dims: 8100  -> PCA dims: 20  (MLP params: ~1217)

============================================================
  Optimiser: nelder_mead  (zero-order  | Nelder-Mead (derivative-free))
============================================================
  [Nelder-Mead] iter   50  train=0.9067  val=0.8740
  [Nelder-Mead] iter  100  train=0.9067  val=0.8740
  [Nelder-Mead] iter  150  train=0.9067  val=0.8740
  [Nelder-Mead] iter  200  train=0.9067  val=0.8740
  [Nelder-Mead] iter  250  train=0.9067  val=0.8740
  [Nelder-Mead] iter  300  train=0.9067  val=0.8740
  [Nelder-Mead] iter  350  train=0.9067  val=0.8740
  [Nelder-Mead] iter  400  train=0.9067  val=0.8740
  [Nelder-Mead] iter  450  train=0.9067  val=0.8740
  [Nelder-Mead] iter  500  train=0.9067  val=0.8740
  [Nelder-Mead] iter  550  train=0.9067  val=0.8740
  [Nelder-Mead] iter  600  train=0.9067  val=0.8740
  [Nelder-Mead] iter  650  train=0.9067  val=0.8740
  [Nelder-Mead] iter  700  train=0.9067  val=0.8740
  [Nelder-Mead] iter  750  train=0.9067  val=0.8740

============================================================
  Optimiser: sgd  (first-order | SGD (mini-batch gradient descent))
============================================================
  [SGD] Epoch 001  train=0.7614  val=0.7739
  [SGD] Epoch 002  train=0.6711  val=0.6939
  [SGD] Epoch 003  train=0.6321  val=0.7151
  [SGD] Epoch 004  train=0.6020  val=0.7042
  [SGD] Epoch 005  train=0.5536  val=0.7936
  [SGD] Epoch 006  train=0.5207  val=0.6233
  [SGD] Epoch 007  train=0.5042  val=0.6350
  [SGD] Epoch 008  train=0.5133  val=0.6659
  [SGD] Epoch 009  train=0.4895  val=0.5493
  [SGD] Epoch 010  train=0.4423  val=0.5009
  [SGD] Epoch 011  train=0.4148  val=0.4849
  [SGD] Epoch 012  train=0.5161  val=0.5864
  [SGD] Epoch 013  train=0.5475  val=0.6118
  [SGD] Epoch 014  train=0.5572  val=0.6379
  [SGD] Epoch 015  train=0.5335  val=0.4930
  [SGD] Epoch 016  train=0.4632  val=0.6975
  [SGD] Epoch 017  train=0.4064  val=0.6152
  [SGD] Epoch 018  train=0.4245  val=0.4710
  [SGD] Epoch 019  train=0.4220  val=0.6205
  [SGD] Epoch 020  train=0.5406  val=0.5007
  [SGD] Epoch 021  train=0.4335  val=0.4783
  [SGD] Epoch 022  train=0.4640  val=0.5336
  [SGD] Epoch 023  train=0.4196  val=0.5308
  [SGD] Epoch 024  train=0.4202  val=0.5027
  [SGD] Epoch 025  train=0.3995  val=0.4876
  [SGD] Epoch 026  train=0.3249  val=0.5170
  [SGD] Epoch 027  train=0.3417  val=0.5426
  [SGD] Epoch 028  train=0.3069  val=0.5013
  [SGD] Epoch 029  train=0.2652  val=0.5492
  [SGD] Epoch 030  train=0.2574  val=0.6044
  [SGD] Epoch 031  train=0.2670  val=0.7182
  [SGD] Epoch 032  train=0.4043  val=0.6437
  [SGD] Epoch 033  train=0.3304  val=0.6119
  [SGD] Epoch 034  train=0.3367  val=0.6058
  [SGD] Epoch 035  train=0.2868  val=0.6989
  [SGD] Epoch 036  train=0.2714  val=0.5165
  [SGD] Epoch 037  train=0.3923  val=0.5684
  [SGD] Epoch 038  train=0.3529  val=0.8440
  [SGD] Epoch 039  train=0.3222  val=0.6828
  [SGD] Epoch 040  train=0.3286  val=0.5906
  [SGD] Epoch 041  train=0.2440  val=0.6963
  [SGD] Epoch 042  train=0.3151  val=0.5937
  [SGD] Epoch 043  train=0.2986  val=0.7039
  [SGD] Epoch 044  train=0.2838  val=0.7493
  [SGD] Epoch 045  train=0.2806  val=0.8600
  [SGD] Epoch 046  train=0.2799  val=0.6731
  [SGD] Epoch 047  train=0.3053  val=0.7414
  [SGD] Epoch 048  train=0.2839  val=0.6077
  [SGD] Epoch 049  train=0.2441  val=0.6697
  [SGD] Epoch 050  train=0.2702  val=0.8623

============================================================
  Optimiser: adam  (first-order | Adam (adaptive moments))
============================================================
  [Adam] Epoch 001  train=0.7929  val=0.7266
  [Adam] Epoch 002  train=0.6852  val=0.7385
  [Adam] Epoch 003  train=0.6454  val=0.7323
  [Adam] Epoch 004  train=0.6235  val=0.7174
  [Adam] Epoch 005  train=0.5997  val=0.7166
  [Adam] Epoch 006  train=0.5836  val=0.7246
  [Adam] Epoch 007  train=0.5674  val=0.6869
  [Adam] Epoch 008  train=0.5545  val=0.6777
  [Adam] Epoch 009  train=0.5399  val=0.6609
  [Adam] Epoch 010  train=0.5260  val=0.6685
  [Adam] Epoch 011  train=0.5123  val=0.6492
  [Adam] Epoch 012  train=0.5008  val=0.6357
  [Adam] Epoch 013  train=0.4890  val=0.6521
  [Adam] Epoch 014  train=0.4743  val=0.6461
  [Adam] Epoch 015  train=0.4599  val=0.6360
  [Adam] Epoch 016  train=0.4494  val=0.6324
  [Adam] Epoch 017  train=0.4341  val=0.6273
  [Adam] Epoch 018  train=0.4245  val=0.6234
  [Adam] Epoch 019  train=0.4127  val=0.6349
  [Adam] Epoch 020  train=0.4015  val=0.6285
  [Adam] Epoch 021  train=0.4034  val=0.6251
  [Adam] Epoch 022  train=0.3916  val=0.6099
  [Adam] Epoch 023  train=0.3819  val=0.6168
  [Adam] Epoch 024  train=0.3697  val=0.6203
  [Adam] Epoch 025  train=0.3623  val=0.5986
  [Adam] Epoch 026  train=0.3577  val=0.6080
  [Adam] Epoch 027  train=0.3511  val=0.6228
  [Adam] Epoch 028  train=0.3470  val=0.6169
  [Adam] Epoch 029  train=0.3335  val=0.6054
  [Adam] Epoch 030  train=0.3424  val=0.5748
  [Adam] Epoch 031  train=0.3351  val=0.5760
  [Adam] Epoch 032  train=0.3268  val=0.5964
  [Adam] Epoch 033  train=0.3218  val=0.6143
  [Adam] Epoch 034  train=0.3091  val=0.6115
  [Adam] Epoch 035  train=0.3105  val=0.6141
  [Adam] Epoch 036  train=0.3074  val=0.6198
  [Adam] Epoch 037  train=0.3100  val=0.5603
  [Adam] Epoch 038  train=0.3016  val=0.6171
  [Adam] Epoch 039  train=0.2916  val=0.5989
  [Adam] Epoch 040  train=0.2886  val=0.5936
  [Adam] Epoch 041  train=0.2729  val=0.5926
  [Adam] Epoch 042  train=0.2676  val=0.5816
  [Adam] Epoch 043  train=0.2707  val=0.5750
  [Adam] Epoch 044  train=0.2618  val=0.6029
  [Adam] Epoch 045  train=0.2635  val=0.6175
  [Adam] Epoch 046  train=0.2618  val=0.5859
  [Adam] Epoch 047  train=0.2609  val=0.6118
  [Adam] Epoch 048  train=0.2520  val=0.6127
  [Adam] Epoch 049  train=0.2418  val=0.6125
  [Adam] Epoch 050  train=0.2397  val=0.6379

============================================================
  Optimiser: lbfgs  (second-order| L-BFGS (quasi-Newton))
============================================================
  [L-BFGS] Epoch 001  train=0.4415  val=0.6135
  [L-BFGS] Epoch 002  train=0.2513  val=0.5711
  [L-BFGS] Epoch 003  train=0.1664  val=0.7666
  [L-BFGS] Epoch 004  train=0.1007  val=0.9592
  [L-BFGS] Epoch 005  train=0.0644  val=1.1635
  [L-BFGS] Epoch 006  train=0.0334  val=1.8802
  [L-BFGS] Epoch 007  train=0.0221  val=2.6879
  [L-BFGS] Epoch 008  train=0.0195  val=2.9651
  [L-BFGS] Epoch 009  train=0.0184  val=3.3477
  [L-BFGS] Epoch 010  train=0.0177  val=3.9513
  [L-BFGS] Epoch 011  train=0.0175  val=4.4398
  [L-BFGS] Epoch 012  train=0.0174  val=4.8974
  [L-BFGS] Epoch 013  train=0.0173  val=4.9447
  [L-BFGS] Epoch 014  train=0.0173  val=5.4509
  [L-BFGS] Epoch 015  train=0.0173  val=5.9521
  [L-BFGS] Epoch 016  train=0.0173  val=6.1609
  [L-BFGS] Epoch 017  train=0.0172  val=6.2112
  [L-BFGS] Epoch 018  train=0.0172  val=6.3352
  [L-BFGS] Epoch 019  train=0.0172  val=6.6170
  [L-BFGS] Epoch 020  train=0.0172  val=6.6450
  [L-BFGS] Epoch 021  train=0.0172  val=6.6357
  [L-BFGS] Epoch 022  train=0.0172  val=6.6357
  [L-BFGS] Epoch 023  train=0.0172  val=6.6357
  [L-BFGS] Epoch 024  train=0.0172  val=6.6357
  [L-BFGS] Epoch 025  train=0.0172  val=6.6357
  [L-BFGS] Epoch 026  train=0.0172  val=6.6357
  [L-BFGS] Epoch 027  train=0.0172  val=6.6357
  [L-BFGS] Epoch 028  train=0.0172  val=6.6357
  [L-BFGS] Epoch 029  train=0.0172  val=6.6357
  [L-BFGS] Epoch 030  train=0.0172  val=6.6357
  [L-BFGS] Epoch 031  train=0.0172  val=6.6357
  [L-BFGS] Epoch 032  train=0.0172  val=6.6357
  [L-BFGS] Epoch 033  train=0.0172  val=6.6357
  [L-BFGS] Epoch 034  train=0.0172  val=6.6357
  [L-BFGS] Epoch 035  train=0.0172  val=6.6357
  [L-BFGS] Epoch 036  train=0.0172  val=6.6357
  [L-BFGS] Epoch 037  train=0.0172  val=6.6357
  [L-BFGS] Epoch 038  train=0.0172  val=6.6357
  [L-BFGS] Epoch 039  train=0.0172  val=6.6357
  [L-BFGS] Epoch 040  train=0.0172  val=6.6357
  [L-BFGS] Epoch 041  train=0.0172  val=6.6357
  [L-BFGS] Epoch 042  train=0.0172  val=6.6357
  [L-BFGS] Epoch 043  train=0.0172  val=6.6357
  [L-BFGS] Epoch 044  train=0.0172  val=6.6357
  [L-BFGS] Epoch 045  train=0.0172  val=6.6357
  [L-BFGS] Epoch 046  train=0.0172  val=6.6357
  [L-BFGS] Epoch 047  train=0.0172  val=6.6357
  [L-BFGS] Epoch 048  train=0.0172  val=6.6357
  [L-BFGS] Epoch 049  train=0.0172  val=6.6357
  [L-BFGS] Epoch 050  train=0.0172  val=6.6357

=== Optimiser Summary ===
 model_name  accuracy  precision   recall       f1
       adam  0.840580   0.813333 0.884058 0.847222
      lbfgs  0.782609   0.809524 0.739130 0.772727
        sgd  0.746377   0.723684 0.797101 0.758621
nelder_mead  0.485507   0.491525 0.840580 0.620321
