Running 12 trials  |  input_dim=12288  device=cuda

--- Trial 1/12: {'hidden_sizes': (128, 64, 32), 'activation': 'gelu', 'dropout': 0.4, 'lr': 0.0003}
    best_val_loss=0.3586

--- Trial 2/12: {'hidden_sizes': (256,), 'activation': 'elu', 'dropout': 0.4, 'lr': 0.001}
    best_val_loss=0.1198

--- Trial 3/12: {'hidden_sizes': (128,), 'activation': 'elu', 'dropout': 0.4, 'lr': 0.0001}
    best_val_loss=0.2269

--- Trial 4/12: {'hidden_sizes': (256,), 'activation': 'relu', 'dropout': 0.4, 'lr': 0.0001}
    best_val_loss=0.1697

--- Trial 5/12: {'hidden_sizes': (128,), 'activation': 'elu', 'dropout': 0.2, 'lr': 0.0003}
    best_val_loss=0.1432

--- Trial 6/12: {'hidden_sizes': (256,), 'activation': 'relu', 'dropout': 0.0, 'lr': 0.0001}
    best_val_loss=0.1666

--- Trial 7/12: {'hidden_sizes': (256,), 'activation': 'gelu', 'dropout': 0.4, 'lr': 0.0001}
    best_val_loss=0.2248

--- Trial 8/12: {'hidden_sizes': (256, 128), 'activation': 'elu', 'dropout': 0.4, 'lr': 0.0001}
    best_val_loss=0.2091

--- Trial 9/12: {'hidden_sizes': (256,), 'activation': 'gelu', 'dropout': 0.4, 'lr': 0.0003}
    best_val_loss=0.1726

--- Trial 10/12: {'hidden_sizes': (128,), 'activation': 'gelu', 'dropout': 0.0, 'lr': 0.0003}
    best_val_loss=0.1397

--- Trial 11/12: {'hidden_sizes': (256,), 'activation': 'selu', 'dropout': 0.0, 'lr': 0.001}
    best_val_loss=0.1763

--- Trial 12/12: {'hidden_sizes': (128,), 'activation': 'selu', 'dropout': 0.2, 'lr': 0.0001}
    best_val_loss=0.2524

Best HP: {'hidden_sizes': (256,), 'activation': 'elu', 'dropout': 0.4, 'lr': 0.001}  (val_loss=0.1198)
{
  "model_name": "mlp_random_search",
  "accuracy": 0.9347826086956522,
  "precision": 0.9166666666666666,
  "recall": 0.9565217391304348,
  "f1": 0.9361702127659574
}
