Running 24 trials  |  input_dim=27648  device=cuda

--- Trial 1/24: {'hidden_sizes': (128, 64, 32), 'activation': 'gelu', 'dropout': 0.4, 'lr': 0.0003}
    best_val_loss=0.1494

--- Trial 2/24: {'hidden_sizes': (256,), 'activation': 'elu', 'dropout': 0.4, 'lr': 0.001}
    best_val_loss=0.2173

--- Trial 3/24: {'hidden_sizes': (128,), 'activation': 'elu', 'dropout': 0.4, 'lr': 0.0001}
    best_val_loss=0.2049

--- Trial 4/24: {'hidden_sizes': (256,), 'activation': 'relu', 'dropout': 0.4, 'lr': 0.0001}
    best_val_loss=0.1533

--- Trial 5/24: {'hidden_sizes': (128,), 'activation': 'elu', 'dropout': 0.2, 'lr': 0.0003}
    best_val_loss=0.0967

--- Trial 6/24: {'hidden_sizes': (256,), 'activation': 'relu', 'dropout': 0.0, 'lr': 0.0001}
    best_val_loss=0.1014

--- Trial 7/24: {'hidden_sizes': (256,), 'activation': 'gelu', 'dropout': 0.4, 'lr': 0.0001}
    best_val_loss=0.1463

--- Trial 8/24: {'hidden_sizes': (256, 128), 'activation': 'elu', 'dropout': 0.4, 'lr': 0.0001}
    best_val_loss=0.1147

--- Trial 9/24: {'hidden_sizes': (256,), 'activation': 'gelu', 'dropout': 0.4, 'lr': 0.0003}
    best_val_loss=0.0911

--- Trial 10/24: {'hidden_sizes': (128,), 'activation': 'gelu', 'dropout': 0.0, 'lr': 0.0003}
    best_val_loss=0.0958

--- Trial 11/24: {'hidden_sizes': (256,), 'activation': 'selu', 'dropout': 0.0, 'lr': 0.001}
    best_val_loss=0.1315

--- Trial 12/24: {'hidden_sizes': (128,), 'activation': 'selu', 'dropout': 0.2, 'lr': 0.0001}
    best_val_loss=0.1810

--- Trial 13/24: {'hidden_sizes': (128, 64, 32), 'activation': 'relu', 'dropout': 0.2, 'lr': 0.001}
    best_val_loss=0.1312

--- Trial 14/24: {'hidden_sizes': (128,), 'activation': 'relu', 'dropout': 0.0, 'lr': 0.001}
    best_val_loss=0.1019

--- Trial 15/24: {'hidden_sizes': (256, 128), 'activation': 'elu', 'dropout': 0.0, 'lr': 0.0003}
    best_val_loss=0.1077

--- Trial 16/24: {'hidden_sizes': (256, 128), 'activation': 'gelu', 'dropout': 0.0, 'lr': 0.0003}
    best_val_loss=0.0861

--- Trial 17/24: {'hidden_sizes': (256, 128), 'activation': 'elu', 'dropout': 0.0, 'lr': 0.001}
    best_val_loss=0.1763

--- Trial 18/24: {'hidden_sizes': (128, 64, 32), 'activation': 'elu', 'dropout': 0.4, 'lr': 0.0003}
    best_val_loss=0.0953

--- Trial 19/24: {'hidden_sizes': (128, 64, 32), 'activation': 'gelu', 'dropout': 0.4, 'lr': 0.001}
    best_val_loss=0.6683

--- Trial 20/24: {'hidden_sizes': (256,), 'activation': 'selu', 'dropout': 0.2, 'lr': 0.0001}
    best_val_loss=0.1557

--- Trial 21/24: {'hidden_sizes': (128, 64), 'activation': 'gelu', 'dropout': 0.2, 'lr': 0.001}
    best_val_loss=0.0844

--- Trial 22/24: {'hidden_sizes': (128, 64, 32), 'activation': 'selu', 'dropout': 0.2, 'lr': 0.0001}
    best_val_loss=0.1169

--- Trial 23/24: {'hidden_sizes': (128,), 'activation': 'gelu', 'dropout': 0.4, 'lr': 0.0003}
    best_val_loss=0.0890

--- Trial 24/24: {'hidden_sizes': (128, 64), 'activation': 'gelu', 'dropout': 0.2, 'lr': 0.0003}
    best_val_loss=0.1086

Best HP: {'hidden_sizes': (128, 64), 'activation': 'gelu', 'dropout': 0.2, 'lr': 0.001}  (val_loss=0.0844)
{
  "model_name": "mlp_random_search",
  "accuracy": 0.9492753623188406,
  "precision": 0.9078947368421053,
  "recall": 1.0,
  "f1": 0.9517241379310345
}
