
=======================================================
  MobileNetV2 + relu  (device=cuda)
=======================================================
  [relu] E01  tr=0.5765/0.685  vl=0.6505/0.565
  [relu] E02  tr=0.3725/0.853  vl=0.4908/0.696
  [relu] E03  tr=0.3185/0.876  vl=0.3284/0.899
  [relu] E04  tr=0.2816/0.901  vl=0.3683/0.855
  [relu] E05  tr=0.2401/0.903  vl=0.2573/0.899
  [relu] E06  tr=0.2518/0.905  vl=0.2398/0.928
  [relu] E07  tr=0.2696/0.903  vl=0.1853/0.928
  [relu] E08  tr=0.1885/0.934  vl=0.1852/0.942
  [relu] E09  tr=0.1901/0.936  vl=0.2048/0.942
  [relu] E10  tr=0.1940/0.913  vl=0.1957/0.928
  [relu] E11  tr=0.1854/0.930  vl=0.2337/0.913
  [relu] E12  tr=0.1687/0.944  vl=0.1936/0.942
  [relu] E13  tr=0.1635/0.940  vl=0.1668/0.942
  [relu] E14  tr=0.1664/0.942  vl=0.1610/0.957
  [relu] E15  tr=0.1702/0.928  vl=0.1514/0.957
  [relu] E16  tr=0.1346/0.952  vl=0.1769/0.942
  [relu] E17  tr=0.1400/0.944  vl=0.1670/0.942
  [relu] E18  tr=0.1424/0.948  vl=0.1678/0.942
  [relu] E19  tr=0.1588/0.952  vl=0.1682/0.928
  [relu] E20  tr=0.1390/0.952  vl=0.1395/0.957
  [relu] E21  tr=0.1424/0.946  vl=0.1394/0.957
  [relu] E22  tr=0.1467/0.942  vl=0.1690/0.971
  [relu] E23  tr=0.1171/0.967  vl=0.1504/0.971
  [relu] E24  tr=0.1207/0.961  vl=0.1600/0.957
  [relu] E25  tr=0.1275/0.959  vl=0.1381/0.957
  [relu] E26  tr=0.1304/0.957  vl=0.1599/0.957
  [relu] E27  tr=0.1387/0.952  vl=0.1458/0.971
  [relu] E28  tr=0.1364/0.946  vl=0.1418/0.957
  [relu] E29  tr=0.1254/0.961  vl=0.1510/0.942
  [relu] E30  tr=0.1143/0.957  vl=0.1454/0.957
  [relu] E31  tr=0.1304/0.957  vl=0.1287/0.957
  [relu] E32  tr=0.1182/0.959  vl=0.1568/0.942
  [relu] E33  tr=0.0909/0.969  vl=0.1693/0.928
  [relu] E34  tr=0.1237/0.959  vl=0.1461/0.942
  [relu] E35  tr=0.1096/0.967  vl=0.1339/0.971
  [relu] E36  tr=0.1066/0.971  vl=0.1344/0.957
  [relu] E37  tr=0.1217/0.950  vl=0.1453/0.942
  [relu] E38  tr=0.1159/0.963  vl=0.1237/0.971
  [relu] E39  tr=0.0871/0.981  vl=0.1388/0.942
  [relu] E40  tr=0.0835/0.977  vl=0.1287/0.957
  [relu] E41  tr=0.1027/0.969  vl=0.1229/0.957
  [relu] E42  tr=0.1196/0.965  vl=0.1142/0.971
  [relu] E43  tr=0.0961/0.973  vl=0.1122/0.957
  [relu] E44  tr=0.0932/0.973  vl=0.1233/0.957
  [relu] E45  tr=0.1296/0.954  vl=0.1114/0.957
  [relu] E46  tr=0.1061/0.969  vl=0.1138/0.957
  [relu] E47  tr=0.1149/0.959  vl=0.1210/0.971
  [relu] E48  tr=0.0938/0.969  vl=0.1292/0.942
  [relu] E49  tr=0.1125/0.963  vl=0.1240/0.942
  [relu] E50  tr=0.1091/0.963  vl=0.1242/0.957
  [relu] E51  tr=0.0944/0.963  vl=0.1096/0.957
  [relu] E52  tr=0.1006/0.961  vl=0.1090/0.957
  [relu] E53  tr=0.1128/0.969  vl=0.1209/0.957
  [relu] E54  tr=0.1105/0.967  vl=0.1235/0.957
  [relu] E55  tr=0.0933/0.967  vl=0.1178/0.971
  [relu] E56  tr=0.1221/0.952  vl=0.1209/0.971
  [relu] E57  tr=0.0901/0.973  vl=0.1197/0.971
  [relu] E58  tr=0.0982/0.971  vl=0.1233/0.957
  [relu] E59  tr=0.0898/0.973  vl=0.1124/0.957
  [relu] E60  tr=0.1007/0.971  vl=0.1184/0.957

=======================================================
  MobileNetV2 + elu  (device=cuda)
=======================================================
  [elu] E01  tr=0.5126/0.737  vl=0.6247/0.580
  [elu] E02  tr=0.3236/0.857  vl=0.4518/0.739
  [elu] E03  tr=0.2951/0.884  vl=0.3106/0.913
  [elu] E04  tr=0.2619/0.907  vl=0.4841/0.739
  [elu] E05  tr=0.2194/0.909  vl=0.3162/0.855
  [elu] E06  tr=0.2534/0.903  vl=0.2556/0.928
  [elu] E07  tr=0.2686/0.896  vl=0.1914/0.913
  [elu] E08  tr=0.1860/0.934  vl=0.1949/0.928
  [elu] E09  tr=0.1901/0.925  vl=0.1955/0.913
  [elu] E10  tr=0.2047/0.899  vl=0.2480/0.913
  [elu] E11  tr=0.1928/0.917  vl=0.2962/0.884
  [elu] E12  tr=0.1744/0.934  vl=0.2050/0.928
  [elu] E13  tr=0.1733/0.930  vl=0.1907/0.913
  [elu] E14  tr=0.1702/0.932  vl=0.2028/0.913
  [elu] E15  tr=0.1873/0.938  vl=0.1963/0.928
  [elu] E16  tr=0.1434/0.946  vl=0.2332/0.899
  [elu] E17  tr=0.1471/0.944  vl=0.2224/0.913
  [elu] E18  tr=0.1502/0.938  vl=0.2248/0.913
  [elu] E19  tr=0.1772/0.944  vl=0.2287/0.913
  [elu] E20  tr=0.1581/0.940  vl=0.1455/0.971
  [elu] E21  tr=0.1588/0.940  vl=0.1448/0.942
  [elu] E22  tr=0.1659/0.938  vl=0.1562/0.957
  [elu] E23  tr=0.1257/0.969  vl=0.1411/0.971
  [elu] E24  tr=0.1130/0.965  vl=0.1952/0.913
  [elu] E25  tr=0.1318/0.957  vl=0.1326/0.971
  [elu] E26  tr=0.1331/0.948  vl=0.1520/0.986
  [elu] E27  tr=0.1558/0.940  vl=0.1431/0.986
  [elu] E28  tr=0.1320/0.948  vl=0.1677/0.971
  [elu] E29  tr=0.1470/0.950  vl=0.1901/0.957
  [elu] E30  tr=0.1154/0.959  vl=0.1709/0.957
  [elu] E31  tr=0.1280/0.963  vl=0.1568/0.971
  [elu] E32  tr=0.1299/0.959  vl=0.2118/0.942
  [elu] E33  tr=0.0931/0.967  vl=0.2462/0.899
  [elu] E34  tr=0.1290/0.957  vl=0.2020/0.928
  [elu] E35  tr=0.1272/0.957  vl=0.1693/0.957
  [elu] E36  tr=0.1294/0.961  vl=0.1735/0.957
  [elu] E37  tr=0.1343/0.950  vl=0.1674/0.957
  Early stop.

=======================================================
  MobileNetV2 + gelu  (device=cuda)
=======================================================
  [gelu] E01  tr=0.5603/0.704  vl=0.6425/0.580
  [gelu] E02  tr=0.3646/0.849  vl=0.4841/0.710
  [gelu] E03  tr=0.3118/0.876  vl=0.3270/0.899
  [gelu] E04  tr=0.2787/0.901  vl=0.3862/0.812
  [gelu] E05  tr=0.2362/0.907  vl=0.2862/0.899
  [gelu] E06  tr=0.2465/0.915  vl=0.2489/0.899
  [gelu] E07  tr=0.2658/0.905  vl=0.2059/0.928
  [gelu] E08  tr=0.1867/0.940  vl=0.1960/0.928
  [gelu] E09  tr=0.1943/0.928  vl=0.2085/0.957
  [gelu] E10  tr=0.2022/0.915  vl=0.2263/0.928
  [gelu] E11  tr=0.1851/0.917  vl=0.2639/0.913
  [gelu] E12  tr=0.1729/0.948  vl=0.2483/0.913
  [gelu] E13  tr=0.1609/0.944  vl=0.2044/0.913
  [gelu] E14  tr=0.1709/0.942  vl=0.2161/0.913
  [gelu] E15  tr=0.1805/0.930  vl=0.1854/0.928
  [gelu] E16  tr=0.1373/0.948  vl=0.1954/0.942
  [gelu] E17  tr=0.1546/0.948  vl=0.1929/0.928
  [gelu] E18  tr=0.1501/0.948  vl=0.1942/0.928
  [gelu] E19  tr=0.1649/0.946  vl=0.1953/0.899
  [gelu] E20  tr=0.1399/0.957  vl=0.1458/0.942
  [gelu] E21  tr=0.1422/0.948  vl=0.1381/0.957
  [gelu] E22  tr=0.1518/0.938  vl=0.1689/0.957
  [gelu] E23  tr=0.1182/0.969  vl=0.1434/0.971
  [gelu] E24  tr=0.1224/0.957  vl=0.1523/0.942
  [gelu] E25  tr=0.1386/0.954  vl=0.1340/0.971
  [gelu] E26  tr=0.1361/0.961  vl=0.1594/0.971
  [gelu] E27  tr=0.1471/0.952  vl=0.1490/0.971
  [gelu] E28  tr=0.1300/0.950  vl=0.1444/0.957
  [gelu] E29  tr=0.1212/0.967  vl=0.1482/0.957
  [gelu] E30  tr=0.1216/0.954  vl=0.1559/0.957
  [gelu] E31  tr=0.1242/0.969  vl=0.1375/0.957
  [gelu] E32  tr=0.1215/0.963  vl=0.1461/0.942
  [gelu] E33  tr=0.0979/0.967  vl=0.1660/0.928
  [gelu] E34  tr=0.1211/0.952  vl=0.1483/0.957
  [gelu] E35  tr=0.1192/0.961  vl=0.1411/0.971
  [gelu] E36  tr=0.1158/0.967  vl=0.1337/0.971
  [gelu] E37  tr=0.1120/0.961  vl=0.1420/0.957
  [gelu] E38  tr=0.1089/0.965  vl=0.1223/0.957
  [gelu] E39  tr=0.0973/0.977  vl=0.1341/0.942
  [gelu] E40  tr=0.0898/0.983  vl=0.1216/0.971
  [gelu] E41  tr=0.1046/0.967  vl=0.1189/0.971
  [gelu] E42  tr=0.1200/0.963  vl=0.1144/0.971
  [gelu] E43  tr=0.1021/0.973  vl=0.1173/0.971
  [gelu] E44  tr=0.1023/0.965  vl=0.1207/0.957
  [gelu] E45  tr=0.1308/0.954  vl=0.1117/0.971
  [gelu] E46  tr=0.1130/0.965  vl=0.1155/0.957
  [gelu] E47  tr=0.1201/0.959  vl=0.1234/0.957
  [gelu] E48  tr=0.0970/0.971  vl=0.1262/0.957
  [gelu] E49  tr=0.1160/0.969  vl=0.1191/0.957
  [gelu] E50  tr=0.1045/0.967  vl=0.1183/0.971
  [gelu] E51  tr=0.0964/0.969  vl=0.1106/0.957
  [gelu] E52  tr=0.1072/0.954  vl=0.1117/0.971
  [gelu] E53  tr=0.1172/0.961  vl=0.1178/0.971
  [gelu] E54  tr=0.1033/0.967  vl=0.1241/0.957
  [gelu] E55  tr=0.0897/0.973  vl=0.1197/0.942
  [gelu] E56  tr=0.1136/0.961  vl=0.1200/0.971
  [gelu] E57  tr=0.0901/0.973  vl=0.1244/0.971
  [gelu] E58  tr=0.1006/0.965  vl=0.1237/0.957
  [gelu] E59  tr=0.0944/0.967  vl=0.1119/0.971
  [gelu] E60  tr=0.0951/0.969  vl=0.1206/0.971

=======================================================
  MobileNetV2 + selu  (device=cuda)
=======================================================
  [selu] E01  tr=0.4986/0.743  vl=0.6081/0.580
  [selu] E02  tr=0.3166/0.867  vl=0.4407/0.768
  [selu] E03  tr=0.3000/0.882  vl=0.3008/0.899
  [selu] E04  tr=0.2629/0.899  vl=0.4949/0.739
  [selu] E05  tr=0.2268/0.909  vl=0.2740/0.870
  [selu] E06  tr=0.2645/0.890  vl=0.2441/0.928
  [selu] E07  tr=0.2806/0.894  vl=0.1956/0.913
  [selu] E08  tr=0.1845/0.940  vl=0.1798/0.928
  [selu] E09  tr=0.1922/0.936  vl=0.2049/0.913
  [selu] E10  tr=0.2036/0.911  vl=0.2480/0.884
  [selu] E11  tr=0.2015/0.921  vl=0.3014/0.870
  [selu] E12  tr=0.1881/0.936  vl=0.2695/0.899
  [selu] E13  tr=0.1618/0.942  vl=0.2055/0.913
  [selu] E14  tr=0.1693/0.938  vl=0.2061/0.913
  [selu] E15  tr=0.2026/0.928  vl=0.2006/0.928
  [selu] E16  tr=0.1633/0.928  vl=0.2070/0.942
  [selu] E17  tr=0.1720/0.934  vl=0.1949/0.928
  [selu] E18  tr=0.1544/0.940  vl=0.2146/0.884
  [selu] E19  tr=0.1864/0.932  vl=0.2060/0.884
  [selu] E20  tr=0.1620/0.948  vl=0.1491/0.957
  [selu] E21  tr=0.1542/0.948  vl=0.1471/0.942
  [selu] E22  tr=0.1479/0.944  vl=0.1796/0.957
  [selu] E23  tr=0.1386/0.946  vl=0.1583/0.957
  [selu] E24  tr=0.1201/0.948  vl=0.1559/0.957
  [selu] E25  tr=0.1366/0.948  vl=0.1510/0.942
  [selu] E26  tr=0.1552/0.942  vl=0.2062/0.913
  [selu] E27  tr=0.1623/0.946  vl=0.1631/0.957
  [selu] E28  tr=0.1538/0.948  vl=0.1581/0.957
  [selu] E29  tr=0.1199/0.959  vl=0.1489/0.971
  [selu] E30  tr=0.1226/0.950  vl=0.1460/0.957
  [selu] E31  tr=0.1255/0.965  vl=0.1349/0.957
  [selu] E32  tr=0.1331/0.959  vl=0.1640/0.957
  [selu] E33  tr=0.1065/0.963  vl=0.1826/0.942
  [selu] E34  tr=0.1221/0.959  vl=0.1504/0.957
  [selu] E35  tr=0.1239/0.959  vl=0.1319/0.971
  [selu] E36  tr=0.1217/0.963  vl=0.1368/0.957
  [selu] E37  tr=0.1298/0.950  vl=0.1375/0.971
  [selu] E38  tr=0.1282/0.965  vl=0.1152/0.971
  [selu] E39  tr=0.0921/0.979  vl=0.1319/0.957
  [selu] E40  tr=0.0885/0.973  vl=0.1077/0.971
  [selu] E41  tr=0.1033/0.965  vl=0.1148/0.971
  [selu] E42  tr=0.1367/0.952  vl=0.1034/0.971
  [selu] E43  tr=0.1143/0.965  vl=0.1020/0.971
  [selu] E44  tr=0.0993/0.963  vl=0.1141/0.971
  [selu] E45  tr=0.1249/0.950  vl=0.1065/0.971
  [selu] E46  tr=0.1103/0.967  vl=0.1151/0.971
  [selu] E47  tr=0.1174/0.954  vl=0.1237/0.957
  [selu] E48  tr=0.0984/0.965  vl=0.1422/0.957
  [selu] E49  tr=0.1123/0.967  vl=0.1315/0.957
  [selu] E50  tr=0.1200/0.957  vl=0.1284/0.957
  [selu] E51  tr=0.0949/0.965  vl=0.1138/0.971
  [selu] E52  tr=0.1126/0.948  vl=0.1165/0.971
  [selu] E53  tr=0.1206/0.959  vl=0.1110/0.971
  [selu] E54  tr=0.1187/0.948  vl=0.1334/0.957
  [selu] E55  tr=0.0953/0.963  vl=0.1226/0.957
  Early stop.

=======================================================
  MobileNetV2 + leaky_relu  (device=cuda)
=======================================================
  [leaky_relu] E01  tr=0.5749/0.685  vl=0.6501/0.565
  [leaky_relu] E02  tr=0.3694/0.853  vl=0.4931/0.696
  [leaky_relu] E03  tr=0.3166/0.878  vl=0.3282/0.884
  [leaky_relu] E04  tr=0.2829/0.890  vl=0.3597/0.841
  [leaky_relu] E05  tr=0.2365/0.911  vl=0.2622/0.913
  [leaky_relu] E06  tr=0.2492/0.911  vl=0.2574/0.899
  [leaky_relu] E07  tr=0.2697/0.903  vl=0.1923/0.928
  [leaky_relu] E08  tr=0.1894/0.940  vl=0.1879/0.942
  [leaky_relu] E09  tr=0.1907/0.932  vl=0.2111/0.942
  [leaky_relu] E10  tr=0.2117/0.905  vl=0.2150/0.928
  [leaky_relu] E11  tr=0.1836/0.923  vl=0.2431/0.913
  [leaky_relu] E12  tr=0.1718/0.942  vl=0.2209/0.913
  [leaky_relu] E13  tr=0.1600/0.946  vl=0.1892/0.957
  [leaky_relu] E14  tr=0.1669/0.936  vl=0.1918/0.928
  [leaky_relu] E15  tr=0.1808/0.934  vl=0.1682/0.957
  [leaky_relu] E16  tr=0.1355/0.952  vl=0.1643/0.957
  [leaky_relu] E17  tr=0.1505/0.942  vl=0.1667/0.942
  [leaky_relu] E18  tr=0.1425/0.952  vl=0.1647/0.942
  [leaky_relu] E19  tr=0.1593/0.948  vl=0.1743/0.942
  [leaky_relu] E20  tr=0.1402/0.957  vl=0.1341/0.942
  [leaky_relu] E21  tr=0.1466/0.940  vl=0.1253/0.957
  [leaky_relu] E22  tr=0.1375/0.948  vl=0.1492/0.971
  [leaky_relu] E23  tr=0.1208/0.961  vl=0.1502/0.957
  [leaky_relu] E24  tr=0.1259/0.961  vl=0.1469/0.957
  [leaky_relu] E25  tr=0.1264/0.967  vl=0.1328/0.971
  [leaky_relu] E26  tr=0.1317/0.963  vl=0.1406/0.971
  [leaky_relu] E27  tr=0.1414/0.954  vl=0.1351/0.957
  [leaky_relu] E28  tr=0.1301/0.957  vl=0.1340/0.971
  [leaky_relu] E29  tr=0.1296/0.965  vl=0.1410/0.957
  [leaky_relu] E30  tr=0.1089/0.961  vl=0.1387/0.986
  [leaky_relu] E31  tr=0.1271/0.963  vl=0.1279/0.986
  [leaky_relu] E32  tr=0.1219/0.969  vl=0.1436/0.957
  [leaky_relu] E33  tr=0.0956/0.973  vl=0.1578/0.942
  Early stop.

=== MobileNetV2 Activation Sweep Summary ===
          model_name  accuracy  precision   recall       f1
      mobilenet_selu  0.949275   0.907895 1.000000 0.951724
      mobilenet_relu  0.942029   0.906667 0.985507 0.944444
mobilenet_leaky_relu  0.934783   0.884615 1.000000 0.938776
      mobilenet_gelu  0.913043   0.851852 1.000000 0.920000
       mobilenet_elu  0.898551   0.839506 0.985507 0.906667
