
=======================================================
  MobileNetV2 + relu  (device=cuda)
=======================================================
  [relu] E01  tr=0.5696/0.683  vl=0.4830/0.812
  [relu] E02  tr=0.3765/0.839  vl=0.2788/0.899
  [relu] E03  tr=0.3650/0.863  vl=0.2401/0.942
  [relu] E04  tr=0.3296/0.861  vl=0.1720/0.986
  [relu] E05  tr=0.2346/0.907  vl=0.1966/0.971
  [relu] E06  tr=0.2339/0.921  vl=0.2237/0.942
  [relu] E07  tr=0.2693/0.890  vl=0.1307/0.986
  [relu] E08  tr=0.2268/0.915  vl=0.1992/0.957
  [relu] E09  tr=0.1767/0.942  vl=0.1607/0.971
  [relu] E10  tr=0.1802/0.938  vl=0.1682/0.971
  [relu] E11  tr=0.1913/0.925  vl=0.1443/0.971
  [relu] E12  tr=0.1861/0.934  vl=0.1822/0.928
  [relu] E13  tr=0.1782/0.942  vl=0.1753/0.928
  Early stop.

=======================================================
  MobileNetV2 + elu  (device=cuda)
=======================================================
  [elu] E01  tr=0.5459/0.698  vl=0.4045/0.841
  [elu] E02  tr=0.3541/0.845  vl=0.2497/0.899
  [elu] E03  tr=0.3694/0.845  vl=0.1814/0.971
  [elu] E04  tr=0.3220/0.870  vl=0.1333/0.986
  [elu] E05  tr=0.2255/0.915  vl=0.1772/0.957
  [elu] E06  tr=0.2377/0.917  vl=0.2008/0.928
  [elu] E07  tr=0.2795/0.886  vl=0.1213/1.000
  [elu] E08  tr=0.2297/0.911  vl=0.2026/0.928
  [elu] E09  tr=0.1706/0.936  vl=0.1473/0.957
  [elu] E10  tr=0.1792/0.932  vl=0.2573/0.899
  [elu] E11  tr=0.1929/0.913  vl=0.1940/0.942
  [elu] E12  tr=0.1896/0.930  vl=0.2134/0.913
  [elu] E13  tr=0.1823/0.936  vl=0.2075/0.913
  Early stop.

=======================================================
  MobileNetV2 + gelu  (device=cuda)
=======================================================
  [gelu] E01  tr=0.5601/0.692  vl=0.4752/0.826
  [gelu] E02  tr=0.3665/0.849  vl=0.2963/0.884
  [gelu] E03  tr=0.3585/0.853  vl=0.2104/0.986
  [gelu] E04  tr=0.3159/0.872  vl=0.1417/0.986
  [gelu] E05  tr=0.2297/0.913  vl=0.1477/1.000
  [gelu] E06  tr=0.2408/0.913  vl=0.2083/0.942
  [gelu] E07  tr=0.2625/0.909  vl=0.1195/0.986
  [gelu] E08  tr=0.2223/0.911  vl=0.1754/0.986
  [gelu] E09  tr=0.1736/0.944  vl=0.1289/0.986
  [gelu] E10  tr=0.1830/0.936  vl=0.1633/0.971
  [gelu] E11  tr=0.2013/0.911  vl=0.1171/0.986
  [gelu] E12  tr=0.1739/0.936  vl=0.1297/0.971
  [gelu] E13  tr=0.1667/0.944  vl=0.1293/1.000
  [gelu] E14  tr=0.1894/0.932  vl=0.0780/0.986
  [gelu] E15  tr=0.1932/0.925  vl=0.1031/0.986
  [gelu] E16  tr=0.1657/0.942  vl=0.0924/0.986
  [gelu] E17  tr=0.1646/0.946  vl=0.0857/1.000
  [gelu] E18  tr=0.1525/0.940  vl=0.1063/1.000
  [gelu] E19  tr=0.1796/0.934  vl=0.0840/1.000
  [gelu] E20  tr=0.1606/0.942  vl=0.0674/1.000
  [gelu] E21  tr=0.1840/0.923  vl=0.0694/1.000
  [gelu] E22  tr=0.1744/0.934  vl=0.0675/1.000
  [gelu] E23  tr=0.1487/0.936  vl=0.0868/1.000
  [gelu] E24  tr=0.1468/0.942  vl=0.0811/1.000
  [gelu] E25  tr=0.1445/0.940  vl=0.0912/1.000
  [gelu] E26  tr=0.1544/0.954  vl=0.0792/1.000
  Early stop.

=======================================================
  MobileNetV2 + selu  (device=cuda)
=======================================================
  [selu] E01  tr=0.5607/0.706  vl=0.3695/0.841
  [selu] E02  tr=0.3558/0.830  vl=0.2260/0.928
  [selu] E03  tr=0.3781/0.843  vl=0.1831/0.942
  [selu] E04  tr=0.3245/0.867  vl=0.1354/0.971
  [selu] E05  tr=0.2419/0.901  vl=0.1451/0.971
  [selu] E06  tr=0.2430/0.905  vl=0.1446/0.957
  [selu] E07  tr=0.2795/0.892  vl=0.1006/0.971
  [selu] E08  tr=0.2446/0.905  vl=0.1997/0.957
  [selu] E09  tr=0.1859/0.923  vl=0.1161/0.971
  [selu] E10  tr=0.1998/0.919  vl=0.1531/0.971
  [selu] E11  tr=0.2214/0.911  vl=0.1512/0.971
  [selu] E12  tr=0.1819/0.944  vl=0.1319/0.971
  [selu] E13  tr=0.1937/0.938  vl=0.1276/0.986
  Early stop.

=======================================================
  MobileNetV2 + leaky_relu  (device=cuda)
=======================================================
  [leaky_relu] E01  tr=0.5686/0.694  vl=0.4805/0.812
  [leaky_relu] E02  tr=0.3718/0.843  vl=0.2794/0.913
  [leaky_relu] E03  tr=0.3655/0.853  vl=0.2275/0.986
  [leaky_relu] E04  tr=0.3227/0.867  vl=0.1594/0.986
  [leaky_relu] E05  tr=0.2344/0.913  vl=0.1826/0.971
  [leaky_relu] E06  tr=0.2390/0.905  vl=0.2000/0.986
  [leaky_relu] E07  tr=0.2619/0.888  vl=0.1239/1.000
  [leaky_relu] E08  tr=0.2227/0.932  vl=0.2023/0.971
  [leaky_relu] E09  tr=0.1752/0.948  vl=0.1895/0.971
  [leaky_relu] E10  tr=0.1779/0.944  vl=0.2149/0.942
  [leaky_relu] E11  tr=0.1935/0.921  vl=0.1293/1.000
  [leaky_relu] E12  tr=0.1838/0.930  vl=0.1624/0.957
  [leaky_relu] E13  tr=0.1706/0.946  vl=0.1493/0.971
  Early stop.

=== MobileNetV2 Activation Sweep Summary ===
          model_name  accuracy  precision   recall       f1
      mobilenet_gelu  0.949275   0.930556 0.971014 0.950355
      mobilenet_relu  0.927536   0.915493 0.942029 0.928571
      mobilenet_selu  0.927536   0.915493 0.942029 0.928571
mobilenet_leaky_relu  0.920290   0.891892 0.956522 0.923077
       mobilenet_elu  0.898551   0.923077 0.869565 0.895522
