
=======================================================
  MobileNetV2 + relu  (device=cuda)
=======================================================
Downloading: "https://download.pytorch.org/models/mobilenet_v2-7ebf99e0.pth" to /home/ubu/.cache/torch/hub/checkpoints/mobilenet_v2-7ebf99e0.pth
  0%|          | 0.00/13.6M [00:00<?, ?B/s]  6%|▋         | 896k/13.6M [00:00<00:01, 8.01MB/s] 17%|█▋        | 2.25M/13.6M [00:00<00:01, 11.1MB/s] 28%|██▊       | 3.88M/13.6M [00:00<00:00, 13.6MB/s] 43%|████▎     | 5.88M/13.6M [00:00<00:00, 15.9MB/s] 55%|█████▌    | 7.50M/13.6M [00:00<00:00, 15.0MB/s] 70%|██████▉   | 9.50M/13.6M [00:00<00:00, 16.7MB/s] 84%|████████▎ | 11.4M/13.6M [00:00<00:00, 17.5MB/s] 97%|█████████▋| 13.2M/13.6M [00:00<00:00, 18.0MB/s]100%|██████████| 13.6M/13.6M [00:00<00:00, 16.2MB/s]
  [relu] E01  tr=0.5763/0.677  vl=0.4904/0.812
  [relu] E02  tr=0.3957/0.826  vl=0.3155/0.884
  [relu] E03  tr=0.3977/0.826  vl=0.2937/0.899
  [relu] E04  tr=0.3675/0.832  vl=0.2182/0.942
  [relu] E05  tr=0.2847/0.894  vl=0.2722/0.899
  [relu] E06  tr=0.3004/0.878  vl=0.2923/0.884
  [relu] E07  tr=0.3284/0.853  vl=0.1796/0.971
  [relu] E08  tr=0.2816/0.890  vl=0.2006/0.986
  [relu] E09  tr=0.2380/0.911  vl=0.1878/0.957
  [relu] E10  tr=0.2568/0.899  vl=0.2259/0.957
  [relu] E11  tr=0.2737/0.892  vl=0.1708/1.000
  [relu] E12  tr=0.2305/0.919  vl=0.1776/0.971
  [relu] E13  tr=0.2360/0.907  vl=0.1833/0.957
  [relu] E14  tr=0.2654/0.894  vl=0.1347/0.971
  [relu] E15  tr=0.2738/0.888  vl=0.1443/0.971
  [relu] E16  tr=0.2485/0.919  vl=0.1449/0.986
  [relu] E17  tr=0.2246/0.919  vl=0.1496/0.986
  [relu] E18  tr=0.2376/0.917  vl=0.1578/1.000
  [relu] E19  tr=0.2350/0.913  vl=0.1441/0.986
  [relu] E20  tr=0.2342/0.911  vl=0.1231/1.000
  [relu] E21  tr=0.2575/0.876  vl=0.1251/1.000
  [relu] E22  tr=0.2399/0.903  vl=0.1277/1.000
  [relu] E23  tr=0.2199/0.915  vl=0.1230/1.000
  [relu] E24  tr=0.2099/0.917  vl=0.1276/1.000
  [relu] E25  tr=0.2185/0.921  vl=0.1104/1.000
  [relu] E26  tr=0.2365/0.907  vl=0.1171/1.000
  [relu] E27  tr=0.2427/0.903  vl=0.1237/1.000
  [relu] E28  tr=0.2356/0.911  vl=0.1180/1.000
  [relu] E29  tr=0.2013/0.923  vl=0.1310/1.000
  [relu] E30  tr=0.2137/0.917  vl=0.1431/0.971

=======================================================
  MobileNetV2 + elu  (device=cuda)
=======================================================
  [elu] E01  tr=0.5542/0.700  vl=0.4143/0.841
  [elu] E02  tr=0.3770/0.828  vl=0.2694/0.884
  [elu] E03  tr=0.3935/0.828  vl=0.2306/0.913
  [elu] E04  tr=0.3685/0.839  vl=0.1857/0.942
  [elu] E05  tr=0.2745/0.888  vl=0.2377/0.957
  [elu] E06  tr=0.3008/0.865  vl=0.2620/0.899
  [elu] E07  tr=0.3427/0.847  vl=0.1543/0.957
  [elu] E08  tr=0.2871/0.890  vl=0.1911/0.986
  [elu] E09  tr=0.2322/0.909  vl=0.1679/0.971
  [elu] E10  tr=0.2603/0.890  vl=0.2210/0.942
  [elu] E11  tr=0.2765/0.888  vl=0.1623/0.986
  [elu] E12  tr=0.2379/0.913  vl=0.1623/0.957
  [elu] E13  tr=0.2444/0.899  vl=0.1651/0.971
  Early stop.

=======================================================
  MobileNetV2 + gelu  (device=cuda)
=======================================================
  [gelu] E01  tr=0.5656/0.685  vl=0.4843/0.797
  [gelu] E02  tr=0.3911/0.824  vl=0.3108/0.884
  [gelu] E03  tr=0.3959/0.834  vl=0.2827/0.899
  [gelu] E04  tr=0.3683/0.836  vl=0.2115/0.942
  [gelu] E05  tr=0.2823/0.890  vl=0.2686/0.913
  [gelu] E06  tr=0.2971/0.880  vl=0.3009/0.884
  [gelu] E07  tr=0.3257/0.861  vl=0.1780/0.957
  [gelu] E08  tr=0.2806/0.892  vl=0.2098/0.986
  [gelu] E09  tr=0.2341/0.911  vl=0.1918/0.957
  [gelu] E10  tr=0.2547/0.892  vl=0.2386/0.942
  [gelu] E11  tr=0.2678/0.890  vl=0.1780/0.986
  [gelu] E12  tr=0.2281/0.919  vl=0.1747/0.971
  [gelu] E13  tr=0.2330/0.903  vl=0.1877/0.957
  [gelu] E14  tr=0.2663/0.890  vl=0.1346/0.986
  [gelu] E15  tr=0.2777/0.888  vl=0.1500/0.971
  [gelu] E16  tr=0.2395/0.913  vl=0.1467/1.000
  [gelu] E17  tr=0.2233/0.917  vl=0.1490/0.986
  [gelu] E18  tr=0.2371/0.919  vl=0.1623/1.000
  [gelu] E19  tr=0.2343/0.915  vl=0.1473/0.986
  [gelu] E20  tr=0.2300/0.911  vl=0.1216/1.000
  [gelu] E21  tr=0.2571/0.876  vl=0.1242/1.000
  [gelu] E22  tr=0.2368/0.905  vl=0.1261/1.000
  [gelu] E23  tr=0.2175/0.917  vl=0.1242/1.000
  [gelu] E24  tr=0.2082/0.919  vl=0.1275/1.000
  [gelu] E25  tr=0.2135/0.925  vl=0.1126/1.000
  [gelu] E26  tr=0.2333/0.915  vl=0.1193/1.000
  [gelu] E27  tr=0.2419/0.907  vl=0.1265/1.000
  [gelu] E28  tr=0.2370/0.909  vl=0.1180/1.000
  [gelu] E29  tr=0.1995/0.919  vl=0.1322/1.000
  [gelu] E30  tr=0.2097/0.915  vl=0.1501/0.971

=======================================================
  MobileNetV2 + selu  (device=cuda)
=======================================================
  [selu] E01  tr=0.5699/0.692  vl=0.3756/0.855
  [selu] E02  tr=0.3797/0.822  vl=0.2478/0.913
  [selu] E03  tr=0.4003/0.824  vl=0.2222/0.913
  [selu] E04  tr=0.3752/0.836  vl=0.1829/0.957
  [selu] E05  tr=0.2773/0.888  vl=0.2524/0.928
  [selu] E06  tr=0.3107/0.870  vl=0.2632/0.913
  [selu] E07  tr=0.3496/0.843  vl=0.1525/0.957
  [selu] E08  tr=0.2974/0.882  vl=0.1907/0.986
  [selu] E09  tr=0.2397/0.909  vl=0.1695/0.957
  [selu] E10  tr=0.2692/0.890  vl=0.2089/0.957
  [selu] E11  tr=0.2853/0.886  vl=0.1687/0.957
  [selu] E12  tr=0.2479/0.913  vl=0.1685/0.942
  [selu] E13  tr=0.2540/0.894  vl=0.1666/0.957
  Early stop.

=======================================================
  MobileNetV2 + leaky_relu  (device=cuda)
=======================================================
  [leaky_relu] E01  tr=0.5753/0.677  vl=0.4890/0.812
  [leaky_relu] E02  tr=0.3950/0.826  vl=0.3134/0.884
  [leaky_relu] E03  tr=0.3972/0.826  vl=0.2910/0.899
  [leaky_relu] E04  tr=0.3681/0.830  vl=0.2161/0.942
  [leaky_relu] E05  tr=0.2844/0.899  vl=0.2689/0.913
  [leaky_relu] E06  tr=0.3010/0.876  vl=0.2942/0.884
  [leaky_relu] E07  tr=0.3272/0.857  vl=0.1785/0.971
  [leaky_relu] E08  tr=0.2813/0.894  vl=0.2032/0.986
  [leaky_relu] E09  tr=0.2370/0.909  vl=0.1863/0.957
  [leaky_relu] E10  tr=0.2563/0.905  vl=0.2227/0.957
  [leaky_relu] E11  tr=0.2716/0.890  vl=0.1690/1.000
  [leaky_relu] E12  tr=0.2316/0.925  vl=0.1705/0.971
  [leaky_relu] E13  tr=0.2341/0.909  vl=0.1757/0.971
  [leaky_relu] E14  tr=0.2660/0.894  vl=0.1330/0.986
  [leaky_relu] E15  tr=0.2739/0.886  vl=0.1436/0.986
  [leaky_relu] E16  tr=0.2458/0.919  vl=0.1430/1.000
  [leaky_relu] E17  tr=0.2238/0.919  vl=0.1481/0.986
  [leaky_relu] E18  tr=0.2358/0.921  vl=0.1552/1.000
  [leaky_relu] E19  tr=0.2364/0.915  vl=0.1442/1.000
  [leaky_relu] E20  tr=0.2337/0.915  vl=0.1213/1.000
  [leaky_relu] E21  tr=0.2585/0.880  vl=0.1226/1.000
  [leaky_relu] E22  tr=0.2388/0.907  vl=0.1289/1.000
  [leaky_relu] E23  tr=0.2197/0.919  vl=0.1230/1.000
  [leaky_relu] E24  tr=0.2072/0.919  vl=0.1278/1.000
  [leaky_relu] E25  tr=0.2168/0.921  vl=0.1104/1.000
  [leaky_relu] E26  tr=0.2347/0.915  vl=0.1174/1.000
  [leaky_relu] E27  tr=0.2406/0.903  vl=0.1234/1.000
  [leaky_relu] E28  tr=0.2378/0.909  vl=0.1172/1.000
  [leaky_relu] E29  tr=0.2036/0.919  vl=0.1325/1.000
  [leaky_relu] E30  tr=0.2156/0.911  vl=0.1438/0.986

=== MobileNetV2 Activation Sweep Summary ===
          model_name  accuracy  precision   recall       f1
mobilenet_leaky_relu  0.920290   0.891892 0.956522 0.923077
      mobilenet_relu  0.913043   0.880000 0.956522 0.916667
      mobilenet_gelu  0.905797   0.888889 0.927536 0.907801
      mobilenet_selu  0.869565   0.831169 0.927536 0.876712
       mobilenet_elu  0.862319   0.804878 0.956522 0.874172
