Loading images and extracting HOG features...
CV pool: 552 samples  |  Test: 138 samples  |  HOG dims: 8100
/home/ubu/Desktop/Assessment/.venv/lib/python3.12/site-packages/sklearn/model_selection/_validation.py:490: FitFailedWarning: 
15 fits failed out of a total of 40.
The score on these train-test partitions for these parameters will be set to nan.
If these failures are not expected, you can try to debug them by setting error_score='raise'.

Below are more details about the failures:
--------------------------------------------------------------------------------
15 fits failed with the following error:
Traceback (most recent call last):
  File "/home/ubu/Desktop/Assessment/.venv/lib/python3.12/site-packages/sklearn/model_selection/_validation.py", line 833, in _fit_and_score
    estimator.fit(X_train, y_train, **fit_params)
  File "/home/ubu/Desktop/Assessment/.venv/lib/python3.12/site-packages/sklearn/base.py", line 1336, in wrapper
    return fit_method(estimator, *args, **kwargs)
           ^^^^^^^^^^^^^^^^^^^^^^^^^^^^^^^^^^^^^^
  File "/home/ubu/Desktop/Assessment/.venv/lib/python3.12/site-packages/sklearn/pipeline.py", line 621, in fit
    self._final_estimator.fit(Xt, y, **last_step_params["fit"])
  File "/home/ubu/Desktop/Assessment/.venv/lib/python3.12/site-packages/sklearn/base.py", line 1336, in wrapper
    return fit_method(estimator, *args, **kwargs)
           ^^^^^^^^^^^^^^^^^^^^^^^^^^^^^^^^^^^^^^
  File "/home/ubu/Desktop/Assessment/.venv/lib/python3.12/site-packages/sklearn/svm/_base.py", line 215, in fit
    y = self._validate_targets(y)
        ^^^^^^^^^^^^^^^^^^^^^^^^^
  File "/home/ubu/Desktop/Assessment/.venv/lib/python3.12/site-packages/sklearn/svm/_base.py", line 759, in _validate_targets
    raise ValueError(
ValueError: The number of classes has to be greater than one; got 1 class

  warnings.warn(some_fits_failed_message, FitFailedWarning)
/home/ubu/Desktop/Assessment/.venv/lib/python3.12/site-packages/sklearn/model_selection/_validation.py:927: UserWarning: Scoring failed. The score on this train-test partition for these parameters will be set to nan. Details: 
Traceback (most recent call last):
  File "/home/ubu/Desktop/Assessment/.venv/lib/python3.12/site-packages/sklearn/model_selection/_validation.py", line 916, in _score
    scores = scorer(estimator, X_test, y_test, **score_params)
             ^^^^^^^^^^^^^^^^^^^^^^^^^^^^^^^^^^^^^^^^^^^^^^^^^
  File "/home/ubu/Desktop/Assessment/.venv/lib/python3.12/site-packages/sklearn/metrics/_scorer.py", line 317, in __call__
    return self._score(partial(_cached_call, None), estimator, X, y_true, **_kwargs)
           ^^^^^^^^^^^^^^^^^^^^^^^^^^^^^^^^^^^^^^^^^^^^^^^^^^^^^^^^^^^^^^^^^^^^^^^^^
  File "/home/ubu/Desktop/Assessment/.venv/lib/python3.12/site-packages/sklearn/metrics/_scorer.py", line 409, in _score
    y_pred = method_caller(
             ^^^^^^^^^^^^^^
  File "/home/ubu/Desktop/Assessment/.venv/lib/python3.12/site-packages/sklearn/metrics/_scorer.py", line 96, in _cached_call
    result, _ = _get_response_values(
                ^^^^^^^^^^^^^^^^^^^^^
  File "/home/ubu/Desktop/Assessment/.venv/lib/python3.12/site-packages/sklearn/utils/_response.py", line 207, in _get_response_values
    raise ValueError(
ValueError: pos_label=1 is not a valid label: It should be one of [0]

  warnings.warn(
/home/ubu/Desktop/Assessment/.venv/lib/python3.12/site-packages/sklearn/model_selection/_validation.py:927: UserWarning: Scoring failed. The score on this train-test partition for these parameters will be set to nan. Details: 
Traceback (most recent call last):
  File "/home/ubu/Desktop/Assessment/.venv/lib/python3.12/site-packages/sklearn/model_selection/_validation.py", line 916, in _score
    scores = scorer(estimator, X_test, y_test, **score_params)
             ^^^^^^^^^^^^^^^^^^^^^^^^^^^^^^^^^^^^^^^^^^^^^^^^^
  File "/home/ubu/Desktop/Assessment/.venv/lib/python3.12/site-packages/sklearn/metrics/_scorer.py", line 317, in __call__
    return self._score(partial(_cached_call, None), estimator, X, y_true, **_kwargs)
           ^^^^^^^^^^^^^^^^^^^^^^^^^^^^^^^^^^^^^^^^^^^^^^^^^^^^^^^^^^^^^^^^^^^^^^^^^
  File "/home/ubu/Desktop/Assessment/.venv/lib/python3.12/site-packages/sklearn/metrics/_scorer.py", line 409, in _score
    y_pred = method_caller(
             ^^^^^^^^^^^^^^
  File "/home/ubu/Desktop/Assessment/.venv/lib/python3.12/site-packages/sklearn/metrics/_scorer.py", line 96, in _cached_call
    result, _ = _get_response_values(
                ^^^^^^^^^^^^^^^^^^^^^
  File "/home/ubu/Desktop/Assessment/.venv/lib/python3.12/site-packages/sklearn/utils/_response.py", line 207, in _get_response_values
    raise ValueError(
ValueError: pos_label=1 is not a valid label: It should be one of [0]

  warnings.warn(
/home/ubu/Desktop/Assessment/.venv/lib/python3.12/site-packages/sklearn/model_selection/_validation.py:927: UserWarning: Scoring failed. The score on this train-test partition for these parameters will be set to nan. Details: 
Traceback (most recent call last):
  File "/home/ubu/Desktop/Assessment/.venv/lib/python3.12/site-packages/sklearn/model_selection/_validation.py", line 916, in _score
    scores = scorer(estimator, X_test, y_test, **score_params)
             ^^^^^^^^^^^^^^^^^^^^^^^^^^^^^^^^^^^^^^^^^^^^^^^^^
  File "/home/ubu/Desktop/Assessment/.venv/lib/python3.12/site-packages/sklearn/metrics/_scorer.py", line 317, in __call__
    return self._score(partial(_cached_call, None), estimator, X, y_true, **_kwargs)
           ^^^^^^^^^^^^^^^^^^^^^^^^^^^^^^^^^^^^^^^^^^^^^^^^^^^^^^^^^^^^^^^^^^^^^^^^^
  File "/home/ubu/Desktop/Assessment/.venv/lib/python3.12/site-packages/sklearn/metrics/_scorer.py", line 409, in _score
    y_pred = method_caller(
             ^^^^^^^^^^^^^^
  File "/home/ubu/Desktop/Assessment/.venv/lib/python3.12/site-packages/sklearn/metrics/_scorer.py", line 96, in _cached_call
    result, _ = _get_response_values(
                ^^^^^^^^^^^^^^^^^^^^^
  File "/home/ubu/Desktop/Assessment/.venv/lib/python3.12/site-packages/sklearn/utils/_response.py", line 207, in _get_response_values
    raise ValueError(
ValueError: pos_label=1 is not a valid label: It should be one of [0]

  warnings.warn(
/home/ubu/Desktop/Assessment/.venv/lib/python3.12/site-packages/sklearn/model_selection/_validation.py:927: UserWarning: Scoring failed. The score on this train-test partition for these parameters will be set to nan. Details: 
Traceback (most recent call last):
  File "/home/ubu/Desktop/Assessment/.venv/lib/python3.12/site-packages/sklearn/model_selection/_validation.py", line 916, in _score
    scores = scorer(estimator, X_test, y_test, **score_params)
             ^^^^^^^^^^^^^^^^^^^^^^^^^^^^^^^^^^^^^^^^^^^^^^^^^
  File "/home/ubu/Desktop/Assessment/.venv/lib/python3.12/site-packages/sklearn/metrics/_scorer.py", line 317, in __call__
    return self._score(partial(_cached_call, None), estimator, X, y_true, **_kwargs)
           ^^^^^^^^^^^^^^^^^^^^^^^^^^^^^^^^^^^^^^^^^^^^^^^^^^^^^^^^^^^^^^^^^^^^^^^^^
  File "/home/ubu/Desktop/Assessment/.venv/lib/python3.12/site-packages/sklearn/metrics/_scorer.py", line 409, in _score
    y_pred = method_caller(
             ^^^^^^^^^^^^^^
  File "/home/ubu/Desktop/Assessment/.venv/lib/python3.12/site-packages/sklearn/metrics/_scorer.py", line 96, in _cached_call
    result, _ = _get_response_values(
                ^^^^^^^^^^^^^^^^^^^^^
  File "/home/ubu/Desktop/Assessment/.venv/lib/python3.12/site-packages/sklearn/utils/_response.py", line 207, in _get_response_values
    raise ValueError(
ValueError: pos_label=1 is not a valid label: It should be one of [0]

  warnings.warn(
/home/ubu/Desktop/Assessment/.venv/lib/python3.12/site-packages/sklearn/model_selection/_validation.py:927: UserWarning: Scoring failed. The score on this train-test partition for these parameters will be set to nan. Details: 
Traceback (most recent call last):
  File "/home/ubu/Desktop/Assessment/.venv/lib/python3.12/site-packages/sklearn/model_selection/_validation.py", line 916, in _score
    scores = scorer(estimator, X_test, y_test, **score_params)
             ^^^^^^^^^^^^^^^^^^^^^^^^^^^^^^^^^^^^^^^^^^^^^^^^^
  File "/home/ubu/Desktop/Assessment/.venv/lib/python3.12/site-packages/sklearn/metrics/_scorer.py", line 317, in __call__
    return self._score(partial(_cached_call, None), estimator, X, y_true, **_kwargs)
           ^^^^^^^^^^^^^^^^^^^^^^^^^^^^^^^^^^^^^^^^^^^^^^^^^^^^^^^^^^^^^^^^^^^^^^^^^
  File "/home/ubu/Desktop/Assessment/.venv/lib/python3.12/site-packages/sklearn/metrics/_scorer.py", line 409, in _score
    y_pred = method_caller(
             ^^^^^^^^^^^^^^
  File "/home/ubu/Desktop/Assessment/.venv/lib/python3.12/site-packages/sklearn/metrics/_scorer.py", line 96, in _cached_call
    result, _ = _get_response_values(
                ^^^^^^^^^^^^^^^^^^^^^
  File "/home/ubu/Desktop/Assessment/.venv/lib/python3.12/site-packages/sklearn/utils/_response.py", line 207, in _get_response_values
    raise ValueError(
ValueError: pos_label=1 is not a valid label: It should be one of [0]

  warnings.warn(
/home/ubu/Desktop/Assessment/.venv/lib/python3.12/site-packages/sklearn/model_selection/_validation.py:927: UserWarning: Scoring failed. The score on this train-test partition for these parameters will be set to nan. Details: 
Traceback (most recent call last):
  File "/home/ubu/Desktop/Assessment/.venv/lib/python3.12/site-packages/sklearn/model_selection/_validation.py", line 916, in _score
    scores = scorer(estimator, X_test, y_test, **score_params)
             ^^^^^^^^^^^^^^^^^^^^^^^^^^^^^^^^^^^^^^^^^^^^^^^^^
  File "/home/ubu/Desktop/Assessment/.venv/lib/python3.12/site-packages/sklearn/metrics/_scorer.py", line 317, in __call__
    return self._score(partial(_cached_call, None), estimator, X, y_true, **_kwargs)
           ^^^^^^^^^^^^^^^^^^^^^^^^^^^^^^^^^^^^^^^^^^^^^^^^^^^^^^^^^^^^^^^^^^^^^^^^^
  File "/home/ubu/Desktop/Assessment/.venv/lib/python3.12/site-packages/sklearn/metrics/_scorer.py", line 409, in _score
    y_pred = method_caller(
             ^^^^^^^^^^^^^^
  File "/home/ubu/Desktop/Assessment/.venv/lib/python3.12/site-packages/sklearn/metrics/_scorer.py", line 96, in _cached_call
    result, _ = _get_response_values(
                ^^^^^^^^^^^^^^^^^^^^^
  File "/home/ubu/Desktop/Assessment/.venv/lib/python3.12/site-packages/sklearn/utils/_response.py", line 207, in _get_response_values
    raise ValueError(
ValueError: pos_label=1 is not a valid label: It should be one of [0]

  warnings.warn(
/home/ubu/Desktop/Assessment/.venv/lib/python3.12/site-packages/sklearn/model_selection/_validation.py:927: UserWarning: Scoring failed. The score on this train-test partition for these parameters will be set to nan. Details: 
Traceback (most recent call last):
  File "/home/ubu/Desktop/Assessment/.venv/lib/python3.12/site-packages/sklearn/model_selection/_validation.py", line 916, in _score
    scores = scorer(estimator, X_test, y_test, **score_params)
             ^^^^^^^^^^^^^^^^^^^^^^^^^^^^^^^^^^^^^^^^^^^^^^^^^
  File "/home/ubu/Desktop/Assessment/.venv/lib/python3.12/site-packages/sklearn/metrics/_scorer.py", line 317, in __call__
    return self._score(partial(_cached_call, None), estimator, X, y_true, **_kwargs)
           ^^^^^^^^^^^^^^^^^^^^^^^^^^^^^^^^^^^^^^^^^^^^^^^^^^^^^^^^^^^^^^^^^^^^^^^^^
  File "/home/ubu/Desktop/Assessment/.venv/lib/python3.12/site-packages/sklearn/metrics/_scorer.py", line 409, in _score
    y_pred = method_caller(
             ^^^^^^^^^^^^^^
  File "/home/ubu/Desktop/Assessment/.venv/lib/python3.12/site-packages/sklearn/metrics/_scorer.py", line 96, in _cached_call
    result, _ = _get_response_values(
                ^^^^^^^^^^^^^^^^^^^^^
  File "/home/ubu/Desktop/Assessment/.venv/lib/python3.12/site-packages/sklearn/utils/_response.py", line 207, in _get_response_values
    raise ValueError(
ValueError: pos_label=1 is not a valid label: It should be one of [0]

  warnings.warn(
/home/ubu/Desktop/Assessment/.venv/lib/python3.12/site-packages/sklearn/model_selection/_validation.py:927: UserWarning: Scoring failed. The score on this train-test partition for these parameters will be set to nan. Details: 
Traceback (most recent call last):
  File "/home/ubu/Desktop/Assessment/.venv/lib/python3.12/site-packages/sklearn/model_selection/_validation.py", line 916, in _score
    scores = scorer(estimator, X_test, y_test, **score_params)
             ^^^^^^^^^^^^^^^^^^^^^^^^^^^^^^^^^^^^^^^^^^^^^^^^^
  File "/home/ubu/Desktop/Assessment/.venv/lib/python3.12/site-packages/sklearn/metrics/_scorer.py", line 317, in __call__
    return self._score(partial(_cached_call, None), estimator, X, y_true, **_kwargs)
           ^^^^^^^^^^^^^^^^^^^^^^^^^^^^^^^^^^^^^^^^^^^^^^^^^^^^^^^^^^^^^^^^^^^^^^^^^
  File "/home/ubu/Desktop/Assessment/.venv/lib/python3.12/site-packages/sklearn/metrics/_scorer.py", line 409, in _score
    y_pred = method_caller(
             ^^^^^^^^^^^^^^
  File "/home/ubu/Desktop/Assessment/.venv/lib/python3.12/site-packages/sklearn/metrics/_scorer.py", line 96, in _cached_call
    result, _ = _get_response_values(
                ^^^^^^^^^^^^^^^^^^^^^
  File "/home/ubu/Desktop/Assessment/.venv/lib/python3.12/site-packages/sklearn/utils/_response.py", line 207, in _get_response_values
    raise ValueError(
ValueError: pos_label=1 is not a valid label: It should be one of [0]

  warnings.warn(
/home/ubu/Desktop/Assessment/.venv/lib/python3.12/site-packages/sklearn/model_selection/_validation.py:927: UserWarning: Scoring failed. The score on this train-test partition for these parameters will be set to nan. Details: 
Traceback (most recent call last):
  File "/home/ubu/Desktop/Assessment/.venv/lib/python3.12/site-packages/sklearn/model_selection/_validation.py", line 916, in _score
    scores = scorer(estimator, X_test, y_test, **score_params)
             ^^^^^^^^^^^^^^^^^^^^^^^^^^^^^^^^^^^^^^^^^^^^^^^^^
  File "/home/ubu/Desktop/Assessment/.venv/lib/python3.12/site-packages/sklearn/metrics/_scorer.py", line 317, in __call__
    return self._score(partial(_cached_call, None), estimator, X, y_true, **_kwargs)
           ^^^^^^^^^^^^^^^^^^^^^^^^^^^^^^^^^^^^^^^^^^^^^^^^^^^^^^^^^^^^^^^^^^^^^^^^^
  File "/home/ubu/Desktop/Assessment/.venv/lib/python3.12/site-packages/sklearn/metrics/_scorer.py", line 409, in _score
    y_pred = method_caller(
             ^^^^^^^^^^^^^^
  File "/home/ubu/Desktop/Assessment/.venv/lib/python3.12/site-packages/sklearn/metrics/_scorer.py", line 96, in _cached_call
    result, _ = _get_response_values(
                ^^^^^^^^^^^^^^^^^^^^^
  File "/home/ubu/Desktop/Assessment/.venv/lib/python3.12/site-packages/sklearn/utils/_response.py", line 207, in _get_response_values
    raise ValueError(
ValueError: pos_label=1 is not a valid label: It should be one of [0]

  warnings.warn(
/home/ubu/Desktop/Assessment/.venv/lib/python3.12/site-packages/sklearn/model_selection/_validation.py:927: UserWarning: Scoring failed. The score on this train-test partition for these parameters will be set to nan. Details: 
Traceback (most recent call last):
  File "/home/ubu/Desktop/Assessment/.venv/lib/python3.12/site-packages/sklearn/model_selection/_validation.py", line 916, in _score
    scores = scorer(estimator, X_test, y_test, **score_params)
             ^^^^^^^^^^^^^^^^^^^^^^^^^^^^^^^^^^^^^^^^^^^^^^^^^
  File "/home/ubu/Desktop/Assessment/.venv/lib/python3.12/site-packages/sklearn/metrics/_scorer.py", line 317, in __call__
    return self._score(partial(_cached_call, None), estimator, X, y_true, **_kwargs)
           ^^^^^^^^^^^^^^^^^^^^^^^^^^^^^^^^^^^^^^^^^^^^^^^^^^^^^^^^^^^^^^^^^^^^^^^^^
  File "/home/ubu/Desktop/Assessment/.venv/lib/python3.12/site-packages/sklearn/metrics/_scorer.py", line 409, in _score
    y_pred = method_caller(
             ^^^^^^^^^^^^^^
  File "/home/ubu/Desktop/Assessment/.venv/lib/python3.12/site-packages/sklearn/metrics/_scorer.py", line 96, in _cached_call
    result, _ = _get_response_values(
                ^^^^^^^^^^^^^^^^^^^^^
  File "/home/ubu/Desktop/Assessment/.venv/lib/python3.12/site-packages/sklearn/utils/_response.py", line 207, in _get_response_values
    raise ValueError(
ValueError: pos_label=1 is not a valid label: It should be one of [0]

  warnings.warn(
/home/ubu/Desktop/Assessment/.venv/lib/python3.12/site-packages/sklearn/model_selection/_validation.py:927: UserWarning: Scoring failed. The score on this train-test partition for these parameters will be set to nan. Details: 
Traceback (most recent call last):
  File "/home/ubu/Desktop/Assessment/.venv/lib/python3.12/site-packages/sklearn/model_selection/_validation.py", line 916, in _score
    scores = scorer(estimator, X_test, y_test, **score_params)
             ^^^^^^^^^^^^^^^^^^^^^^^^^^^^^^^^^^^^^^^^^^^^^^^^^
  File "/home/ubu/Desktop/Assessment/.venv/lib/python3.12/site-packages/sklearn/metrics/_scorer.py", line 317, in __call__
    return self._score(partial(_cached_call, None), estimator, X, y_true, **_kwargs)
           ^^^^^^^^^^^^^^^^^^^^^^^^^^^^^^^^^^^^^^^^^^^^^^^^^^^^^^^^^^^^^^^^^^^^^^^^^
  File "/home/ubu/Desktop/Assessment/.venv/lib/python3.12/site-packages/sklearn/metrics/_scorer.py", line 409, in _score
    y_pred = method_caller(
             ^^^^^^^^^^^^^^
  File "/home/ubu/Desktop/Assessment/.venv/lib/python3.12/site-packages/sklearn/metrics/_scorer.py", line 96, in _cached_call
    result, _ = _get_response_values(
                ^^^^^^^^^^^^^^^^^^^^^
  File "/home/ubu/Desktop/Assessment/.venv/lib/python3.12/site-packages/sklearn/utils/_response.py", line 207, in _get_response_values
    raise ValueError(
ValueError: pos_label=1 is not a valid label: It should be one of [0]

  warnings.warn(
/home/ubu/Desktop/Assessment/.venv/lib/python3.12/site-packages/sklearn/model_selection/_validation.py:927: UserWarning: Scoring failed. The score on this train-test partition for these parameters will be set to nan. Details: 
Traceback (most recent call last):
  File "/home/ubu/Desktop/Assessment/.venv/lib/python3.12/site-packages/sklearn/model_selection/_validation.py", line 916, in _score
    scores = scorer(estimator, X_test, y_test, **score_params)
             ^^^^^^^^^^^^^^^^^^^^^^^^^^^^^^^^^^^^^^^^^^^^^^^^^
  File "/home/ubu/Desktop/Assessment/.venv/lib/python3.12/site-packages/sklearn/metrics/_scorer.py", line 317, in __call__
    return self._score(partial(_cached_call, None), estimator, X, y_true, **_kwargs)
           ^^^^^^^^^^^^^^^^^^^^^^^^^^^^^^^^^^^^^^^^^^^^^^^^^^^^^^^^^^^^^^^^^^^^^^^^^
  File "/home/ubu/Desktop/Assessment/.venv/lib/python3.12/site-packages/sklearn/metrics/_scorer.py", line 409, in _score
    y_pred = method_caller(
             ^^^^^^^^^^^^^^
  File "/home/ubu/Desktop/Assessment/.venv/lib/python3.12/site-packages/sklearn/metrics/_scorer.py", line 96, in _cached_call
    result, _ = _get_response_values(
                ^^^^^^^^^^^^^^^^^^^^^
  File "/home/ubu/Desktop/Assessment/.venv/lib/python3.12/site-packages/sklearn/utils/_response.py", line 207, in _get_response_values
    raise ValueError(
ValueError: pos_label=1 is not a valid label: It should be one of [0]

  warnings.warn(
/home/ubu/Desktop/Assessment/.venv/lib/python3.12/site-packages/sklearn/model_selection/_validation.py:927: UserWarning: Scoring failed. The score on this train-test partition for these parameters will be set to nan. Details: 
Traceback (most recent call last):
  File "/home/ubu/Desktop/Assessment/.venv/lib/python3.12/site-packages/sklearn/model_selection/_validation.py", line 916, in _score
    scores = scorer(estimator, X_test, y_test, **score_params)
             ^^^^^^^^^^^^^^^^^^^^^^^^^^^^^^^^^^^^^^^^^^^^^^^^^
  File "/home/ubu/Desktop/Assessment/.venv/lib/python3.12/site-packages/sklearn/metrics/_scorer.py", line 317, in __call__
    return self._score(partial(_cached_call, None), estimator, X, y_true, **_kwargs)
           ^^^^^^^^^^^^^^^^^^^^^^^^^^^^^^^^^^^^^^^^^^^^^^^^^^^^^^^^^^^^^^^^^^^^^^^^^
  File "/home/ubu/Desktop/Assessment/.venv/lib/python3.12/site-packages/sklearn/metrics/_scorer.py", line 409, in _score
    y_pred = method_caller(
             ^^^^^^^^^^^^^^
  File "/home/ubu/Desktop/Assessment/.venv/lib/python3.12/site-packages/sklearn/metrics/_scorer.py", line 96, in _cached_call
    result, _ = _get_response_values(
                ^^^^^^^^^^^^^^^^^^^^^
  File "/home/ubu/Desktop/Assessment/.venv/lib/python3.12/site-packages/sklearn/utils/_response.py", line 207, in _get_response_values
    raise ValueError(
ValueError: pos_label=1 is not a valid label: It should be one of [0]

  warnings.warn(
/home/ubu/Desktop/Assessment/.venv/lib/python3.12/site-packages/sklearn/model_selection/_validation.py:927: UserWarning: Scoring failed. The score on this train-test partition for these parameters will be set to nan. Details: 
Traceback (most recent call last):
  File "/home/ubu/Desktop/Assessment/.venv/lib/python3.12/site-packages/sklearn/model_selection/_validation.py", line 916, in _score
    scores = scorer(estimator, X_test, y_test, **score_params)
             ^^^^^^^^^^^^^^^^^^^^^^^^^^^^^^^^^^^^^^^^^^^^^^^^^
  File "/home/ubu/Desktop/Assessment/.venv/lib/python3.12/site-packages/sklearn/metrics/_scorer.py", line 317, in __call__
    return self._score(partial(_cached_call, None), estimator, X, y_true, **_kwargs)
           ^^^^^^^^^^^^^^^^^^^^^^^^^^^^^^^^^^^^^^^^^^^^^^^^^^^^^^^^^^^^^^^^^^^^^^^^^
  File "/home/ubu/Desktop/Assessment/.venv/lib/python3.12/site-packages/sklearn/metrics/_scorer.py", line 409, in _score
    y_pred = method_caller(
             ^^^^^^^^^^^^^^
  File "/home/ubu/Desktop/Assessment/.venv/lib/python3.12/site-packages/sklearn/metrics/_scorer.py", line 96, in _cached_call
    result, _ = _get_response_values(
                ^^^^^^^^^^^^^^^^^^^^^
  File "/home/ubu/Desktop/Assessment/.venv/lib/python3.12/site-packages/sklearn/utils/_response.py", line 207, in _get_response_values
    raise ValueError(
ValueError: pos_label=1 is not a valid label: It should be one of [0]

  warnings.warn(
/home/ubu/Desktop/Assessment/.venv/lib/python3.12/site-packages/sklearn/model_selection/_validation.py:927: UserWarning: Scoring failed. The score on this train-test partition for these parameters will be set to nan. Details: 
Traceback (most recent call last):
  File "/home/ubu/Desktop/Assessment/.venv/lib/python3.12/site-packages/sklearn/model_selection/_validation.py", line 916, in _score
    scores = scorer(estimator, X_test, y_test, **score_params)
             ^^^^^^^^^^^^^^^^^^^^^^^^^^^^^^^^^^^^^^^^^^^^^^^^^
  File "/home/ubu/Desktop/Assessment/.venv/lib/python3.12/site-packages/sklearn/metrics/_scorer.py", line 317, in __call__
    return self._score(partial(_cached_call, None), estimator, X, y_true, **_kwargs)
           ^^^^^^^^^^^^^^^^^^^^^^^^^^^^^^^^^^^^^^^^^^^^^^^^^^^^^^^^^^^^^^^^^^^^^^^^^
  File "/home/ubu/Desktop/Assessment/.venv/lib/python3.12/site-packages/sklearn/metrics/_scorer.py", line 409, in _score
    y_pred = method_caller(
             ^^^^^^^^^^^^^^
  File "/home/ubu/Desktop/Assessment/.venv/lib/python3.12/site-packages/sklearn/metrics/_scorer.py", line 96, in _cached_call
    result, _ = _get_response_values(
                ^^^^^^^^^^^^^^^^^^^^^
  File "/home/ubu/Desktop/Assessment/.venv/lib/python3.12/site-packages/sklearn/utils/_response.py", line 207, in _get_response_values
    raise ValueError(
ValueError: pos_label=1 is not a valid label: It should be one of [0]

  warnings.warn(
/home/ubu/Desktop/Assessment/.venv/lib/python3.12/site-packages/sklearn/model_selection/_validation.py:927: UserWarning: Scoring failed. The score on this train-test partition for these parameters will be set to nan. Details: 
Traceback (most recent call last):
  File "/home/ubu/Desktop/Assessment/.venv/lib/python3.12/site-packages/sklearn/model_selection/_validation.py", line 916, in _score
    scores = scorer(estimator, X_test, y_test, **score_params)
             ^^^^^^^^^^^^^^^^^^^^^^^^^^^^^^^^^^^^^^^^^^^^^^^^^
  File "/home/ubu/Desktop/Assessment/.venv/lib/python3.12/site-packages/sklearn/metrics/_scorer.py", line 317, in __call__
    return self._score(partial(_cached_call, None), estimator, X, y_true, **_kwargs)
           ^^^^^^^^^^^^^^^^^^^^^^^^^^^^^^^^^^^^^^^^^^^^^^^^^^^^^^^^^^^^^^^^^^^^^^^^^
  File "/home/ubu/Desktop/Assessment/.venv/lib/python3.12/site-packages/sklearn/metrics/_scorer.py", line 409, in _score
    y_pred = method_caller(
             ^^^^^^^^^^^^^^
  File "/home/ubu/Desktop/Assessment/.venv/lib/python3.12/site-packages/sklearn/metrics/_scorer.py", line 96, in _cached_call
    result, _ = _get_response_values(
                ^^^^^^^^^^^^^^^^^^^^^
  File "/home/ubu/Desktop/Assessment/.venv/lib/python3.12/site-packages/sklearn/utils/_response.py", line 207, in _get_response_values
    raise ValueError(
ValueError: pos_label=1 is not a valid label: It should be one of [0]

  warnings.warn(
/home/ubu/Desktop/Assessment/.venv/lib/python3.12/site-packages/sklearn/model_selection/_validation.py:927: UserWarning: Scoring failed. The score on this train-test partition for these parameters will be set to nan. Details: 
Traceback (most recent call last):
  File "/home/ubu/Desktop/Assessment/.venv/lib/python3.12/site-packages/sklearn/model_selection/_validation.py", line 916, in _score
    scores = scorer(estimator, X_test, y_test, **score_params)
             ^^^^^^^^^^^^^^^^^^^^^^^^^^^^^^^^^^^^^^^^^^^^^^^^^
  File "/home/ubu/Desktop/Assessment/.venv/lib/python3.12/site-packages/sklearn/metrics/_scorer.py", line 317, in __call__
    return self._score(partial(_cached_call, None), estimator, X, y_true, **_kwargs)
           ^^^^^^^^^^^^^^^^^^^^^^^^^^^^^^^^^^^^^^^^^^^^^^^^^^^^^^^^^^^^^^^^^^^^^^^^^
  File "/home/ubu/Desktop/Assessment/.venv/lib/python3.12/site-packages/sklearn/metrics/_scorer.py", line 409, in _score
    y_pred = method_caller(
             ^^^^^^^^^^^^^^
  File "/home/ubu/Desktop/Assessment/.venv/lib/python3.12/site-packages/sklearn/metrics/_scorer.py", line 96, in _cached_call
    result, _ = _get_response_values(
                ^^^^^^^^^^^^^^^^^^^^^
  File "/home/ubu/Desktop/Assessment/.venv/lib/python3.12/site-packages/sklearn/utils/_response.py", line 207, in _get_response_values
    raise ValueError(
ValueError: pos_label=1 is not a valid label: It should be one of [0]

  warnings.warn(
/home/ubu/Desktop/Assessment/.venv/lib/python3.12/site-packages/sklearn/model_selection/_validation.py:927: UserWarning: Scoring failed. The score on this train-test partition for these parameters will be set to nan. Details: 
Traceback (most recent call last):
  File "/home/ubu/Desktop/Assessment/.venv/lib/python3.12/site-packages/sklearn/model_selection/_validation.py", line 916, in _score
    scores = scorer(estimator, X_test, y_test, **score_params)
             ^^^^^^^^^^^^^^^^^^^^^^^^^^^^^^^^^^^^^^^^^^^^^^^^^
  File "/home/ubu/Desktop/Assessment/.venv/lib/python3.12/site-packages/sklearn/metrics/_scorer.py", line 317, in __call__
    return self._score(partial(_cached_call, None), estimator, X, y_true, **_kwargs)
           ^^^^^^^^^^^^^^^^^^^^^^^^^^^^^^^^^^^^^^^^^^^^^^^^^^^^^^^^^^^^^^^^^^^^^^^^^
  File "/home/ubu/Desktop/Assessment/.venv/lib/python3.12/site-packages/sklearn/metrics/_scorer.py", line 409, in _score
    y_pred = method_caller(
             ^^^^^^^^^^^^^^
  File "/home/ubu/Desktop/Assessment/.venv/lib/python3.12/site-packages/sklearn/metrics/_scorer.py", line 96, in _cached_call
    result, _ = _get_response_values(
                ^^^^^^^^^^^^^^^^^^^^^
  File "/home/ubu/Desktop/Assessment/.venv/lib/python3.12/site-packages/sklearn/utils/_response.py", line 207, in _get_response_values
    raise ValueError(
ValueError: pos_label=1 is not a valid label: It should be one of [0]

  warnings.warn(
/home/ubu/Desktop/Assessment/.venv/lib/python3.12/site-packages/sklearn/model_selection/_validation.py:927: UserWarning: Scoring failed. The score on this train-test partition for these parameters will be set to nan. Details: 
Traceback (most recent call last):
  File "/home/ubu/Desktop/Assessment/.venv/lib/python3.12/site-packages/sklearn/model_selection/_validation.py", line 916, in _score
    scores = scorer(estimator, X_test, y_test, **score_params)
             ^^^^^^^^^^^^^^^^^^^^^^^^^^^^^^^^^^^^^^^^^^^^^^^^^
  File "/home/ubu/Desktop/Assessment/.venv/lib/python3.12/site-packages/sklearn/metrics/_scorer.py", line 317, in __call__
    return self._score(partial(_cached_call, None), estimator, X, y_true, **_kwargs)
           ^^^^^^^^^^^^^^^^^^^^^^^^^^^^^^^^^^^^^^^^^^^^^^^^^^^^^^^^^^^^^^^^^^^^^^^^^
  File "/home/ubu/Desktop/Assessment/.venv/lib/python3.12/site-packages/sklearn/metrics/_scorer.py", line 409, in _score
    y_pred = method_caller(
             ^^^^^^^^^^^^^^
  File "/home/ubu/Desktop/Assessment/.venv/lib/python3.12/site-packages/sklearn/metrics/_scorer.py", line 96, in _cached_call
    result, _ = _get_response_values(
                ^^^^^^^^^^^^^^^^^^^^^
  File "/home/ubu/Desktop/Assessment/.venv/lib/python3.12/site-packages/sklearn/utils/_response.py", line 207, in _get_response_values
    raise ValueError(
ValueError: pos_label=1 is not a valid label: It should be one of [0]

  warnings.warn(
/home/ubu/Desktop/Assessment/.venv/lib/python3.12/site-packages/sklearn/model_selection/_validation.py:927: UserWarning: Scoring failed. The score on this train-test partition for these parameters will be set to nan. Details: 
Traceback (most recent call last):
  File "/home/ubu/Desktop/Assessment/.venv/lib/python3.12/site-packages/sklearn/model_selection/_validation.py", line 916, in _score
    scores = scorer(estimator, X_test, y_test, **score_params)
             ^^^^^^^^^^^^^^^^^^^^^^^^^^^^^^^^^^^^^^^^^^^^^^^^^
  File "/home/ubu/Desktop/Assessment/.venv/lib/python3.12/site-packages/sklearn/metrics/_scorer.py", line 317, in __call__
    return self._score(partial(_cached_call, None), estimator, X, y_true, **_kwargs)
           ^^^^^^^^^^^^^^^^^^^^^^^^^^^^^^^^^^^^^^^^^^^^^^^^^^^^^^^^^^^^^^^^^^^^^^^^^
  File "/home/ubu/Desktop/Assessment/.venv/lib/python3.12/site-packages/sklearn/metrics/_scorer.py", line 409, in _score
    y_pred = method_caller(
             ^^^^^^^^^^^^^^
  File "/home/ubu/Desktop/Assessment/.venv/lib/python3.12/site-packages/sklearn/metrics/_scorer.py", line 96, in _cached_call
    result, _ = _get_response_values(
                ^^^^^^^^^^^^^^^^^^^^^
  File "/home/ubu/Desktop/Assessment/.venv/lib/python3.12/site-packages/sklearn/utils/_response.py", line 207, in _get_response_values
    raise ValueError(
ValueError: pos_label=1 is not a valid label: It should be one of [0]

  warnings.warn(
/home/ubu/Desktop/Assessment/.venv/lib/python3.12/site-packages/sklearn/model_selection/_validation.py:927: UserWarning: Scoring failed. The score on this train-test partition for these parameters will be set to nan. Details: 
Traceback (most recent call last):
  File "/home/ubu/Desktop/Assessment/.venv/lib/python3.12/site-packages/sklearn/model_selection/_validation.py", line 916, in _score
    scores = scorer(estimator, X_test, y_test, **score_params)
             ^^^^^^^^^^^^^^^^^^^^^^^^^^^^^^^^^^^^^^^^^^^^^^^^^
  File "/home/ubu/Desktop/Assessment/.venv/lib/python3.12/site-packages/sklearn/metrics/_scorer.py", line 317, in __call__
    return self._score(partial(_cached_call, None), estimator, X, y_true, **_kwargs)
           ^^^^^^^^^^^^^^^^^^^^^^^^^^^^^^^^^^^^^^^^^^^^^^^^^^^^^^^^^^^^^^^^^^^^^^^^^
  File "/home/ubu/Desktop/Assessment/.venv/lib/python3.12/site-packages/sklearn/metrics/_scorer.py", line 409, in _score
    y_pred = method_caller(
             ^^^^^^^^^^^^^^
  File "/home/ubu/Desktop/Assessment/.venv/lib/python3.12/site-packages/sklearn/metrics/_scorer.py", line 96, in _cached_call
    result, _ = _get_response_values(
                ^^^^^^^^^^^^^^^^^^^^^
  File "/home/ubu/Desktop/Assessment/.venv/lib/python3.12/site-packages/sklearn/utils/_response.py", line 207, in _get_response_values
    raise ValueError(
ValueError: pos_label=1 is not a valid label: It should be one of [0]

  warnings.warn(
/home/ubu/Desktop/Assessment/.venv/lib/python3.12/site-packages/sklearn/model_selection/_validation.py:927: UserWarning: Scoring failed. The score on this train-test partition for these parameters will be set to nan. Details: 
Traceback (most recent call last):
  File "/home/ubu/Desktop/Assessment/.venv/lib/python3.12/site-packages/sklearn/model_selection/_validation.py", line 916, in _score
    scores = scorer(estimator, X_test, y_test, **score_params)
             ^^^^^^^^^^^^^^^^^^^^^^^^^^^^^^^^^^^^^^^^^^^^^^^^^
  File "/home/ubu/Desktop/Assessment/.venv/lib/python3.12/site-packages/sklearn/metrics/_scorer.py", line 317, in __call__
    return self._score(partial(_cached_call, None), estimator, X, y_true, **_kwargs)
           ^^^^^^^^^^^^^^^^^^^^^^^^^^^^^^^^^^^^^^^^^^^^^^^^^^^^^^^^^^^^^^^^^^^^^^^^^
  File "/home/ubu/Desktop/Assessment/.venv/lib/python3.12/site-packages/sklearn/metrics/_scorer.py", line 409, in _score
    y_pred = method_caller(
             ^^^^^^^^^^^^^^
  File "/home/ubu/Desktop/Assessment/.venv/lib/python3.12/site-packages/sklearn/metrics/_scorer.py", line 96, in _cached_call
    result, _ = _get_response_values(
                ^^^^^^^^^^^^^^^^^^^^^
  File "/home/ubu/Desktop/Assessment/.venv/lib/python3.12/site-packages/sklearn/utils/_response.py", line 207, in _get_response_values
    raise ValueError(
ValueError: pos_label=1 is not a valid label: It should be one of [0]

  warnings.warn(
/home/ubu/Desktop/Assessment/.venv/lib/python3.12/site-packages/sklearn/model_selection/_validation.py:927: UserWarning: Scoring failed. The score on this train-test partition for these parameters will be set to nan. Details: 
Traceback (most recent call last):
  File "/home/ubu/Desktop/Assessment/.venv/lib/python3.12/site-packages/sklearn/model_selection/_validation.py", line 916, in _score
    scores = scorer(estimator, X_test, y_test, **score_params)
             ^^^^^^^^^^^^^^^^^^^^^^^^^^^^^^^^^^^^^^^^^^^^^^^^^
  File "/home/ubu/Desktop/Assessment/.venv/lib/python3.12/site-packages/sklearn/metrics/_scorer.py", line 317, in __call__
    return self._score(partial(_cached_call, None), estimator, X, y_true, **_kwargs)
           ^^^^^^^^^^^^^^^^^^^^^^^^^^^^^^^^^^^^^^^^^^^^^^^^^^^^^^^^^^^^^^^^^^^^^^^^^
  File "/home/ubu/Desktop/Assessment/.venv/lib/python3.12/site-packages/sklearn/metrics/_scorer.py", line 409, in _score
    y_pred = method_caller(
             ^^^^^^^^^^^^^^
  File "/home/ubu/Desktop/Assessment/.venv/lib/python3.12/site-packages/sklearn/metrics/_scorer.py", line 96, in _cached_call
    result, _ = _get_response_values(
                ^^^^^^^^^^^^^^^^^^^^^
  File "/home/ubu/Desktop/Assessment/.venv/lib/python3.12/site-packages/sklearn/utils/_response.py", line 207, in _get_response_values
    raise ValueError(
ValueError: pos_label=1 is not a valid label: It should be one of [0]

  warnings.warn(
/home/ubu/Desktop/Assessment/.venv/lib/python3.12/site-packages/sklearn/model_selection/_validation.py:927: UserWarning: Scoring failed. The score on this train-test partition for these parameters will be set to nan. Details: 
Traceback (most recent call last):
  File "/home/ubu/Desktop/Assessment/.venv/lib/python3.12/site-packages/sklearn/model_selection/_validation.py", line 916, in _score
    scores = scorer(estimator, X_test, y_test, **score_params)
             ^^^^^^^^^^^^^^^^^^^^^^^^^^^^^^^^^^^^^^^^^^^^^^^^^
  File "/home/ubu/Desktop/Assessment/.venv/lib/python3.12/site-packages/sklearn/metrics/_scorer.py", line 317, in __call__
    return self._score(partial(_cached_call, None), estimator, X, y_true, **_kwargs)
           ^^^^^^^^^^^^^^^^^^^^^^^^^^^^^^^^^^^^^^^^^^^^^^^^^^^^^^^^^^^^^^^^^^^^^^^^^
  File "/home/ubu/Desktop/Assessment/.venv/lib/python3.12/site-packages/sklearn/metrics/_scorer.py", line 409, in _score
    y_pred = method_caller(
             ^^^^^^^^^^^^^^
  File "/home/ubu/Desktop/Assessment/.venv/lib/python3.12/site-packages/sklearn/metrics/_scorer.py", line 96, in _cached_call
    result, _ = _get_response_values(
                ^^^^^^^^^^^^^^^^^^^^^
  File "/home/ubu/Desktop/Assessment/.venv/lib/python3.12/site-packages/sklearn/utils/_response.py", line 207, in _get_response_values
    raise ValueError(
ValueError: pos_label=1 is not a valid label: It should be one of [0]

  warnings.warn(
/home/ubu/Desktop/Assessment/.venv/lib/python3.12/site-packages/sklearn/model_selection/_validation.py:927: UserWarning: Scoring failed. The score on this train-test partition for these parameters will be set to nan. Details: 
Traceback (most recent call last):
  File "/home/ubu/Desktop/Assessment/.venv/lib/python3.12/site-packages/sklearn/model_selection/_validation.py", line 916, in _score
    scores = scorer(estimator, X_test, y_test, **score_params)
             ^^^^^^^^^^^^^^^^^^^^^^^^^^^^^^^^^^^^^^^^^^^^^^^^^
  File "/home/ubu/Desktop/Assessment/.venv/lib/python3.12/site-packages/sklearn/metrics/_scorer.py", line 317, in __call__
    return self._score(partial(_cached_call, None), estimator, X, y_true, **_kwargs)
           ^^^^^^^^^^^^^^^^^^^^^^^^^^^^^^^^^^^^^^^^^^^^^^^^^^^^^^^^^^^^^^^^^^^^^^^^^
  File "/home/ubu/Desktop/Assessment/.venv/lib/python3.12/site-packages/sklearn/metrics/_scorer.py", line 409, in _score
    y_pred = method_caller(
             ^^^^^^^^^^^^^^
  File "/home/ubu/Desktop/Assessment/.venv/lib/python3.12/site-packages/sklearn/metrics/_scorer.py", line 96, in _cached_call
    result, _ = _get_response_values(
                ^^^^^^^^^^^^^^^^^^^^^
  File "/home/ubu/Desktop/Assessment/.venv/lib/python3.12/site-packages/sklearn/utils/_response.py", line 207, in _get_response_values
    raise ValueError(
ValueError: pos_label=1 is not a valid label: It should be one of [0]

  warnings.warn(
/home/ubu/Desktop/Assessment/.venv/lib/python3.12/site-packages/sklearn/model_selection/_validation.py:927: UserWarning: Scoring failed. The score on this train-test partition for these parameters will be set to nan. Details: 
Traceback (most recent call last):
  File "/home/ubu/Desktop/Assessment/.venv/lib/python3.12/site-packages/sklearn/model_selection/_validation.py", line 916, in _score
    scores = scorer(estimator, X_test, y_test, **score_params)
             ^^^^^^^^^^^^^^^^^^^^^^^^^^^^^^^^^^^^^^^^^^^^^^^^^
  File "/home/ubu/Desktop/Assessment/.venv/lib/python3.12/site-packages/sklearn/metrics/_scorer.py", line 317, in __call__
    return self._score(partial(_cached_call, None), estimator, X, y_true, **_kwargs)
           ^^^^^^^^^^^^^^^^^^^^^^^^^^^^^^^^^^^^^^^^^^^^^^^^^^^^^^^^^^^^^^^^^^^^^^^^^
  File "/home/ubu/Desktop/Assessment/.venv/lib/python3.12/site-packages/sklearn/metrics/_scorer.py", line 409, in _score
    y_pred = method_caller(
             ^^^^^^^^^^^^^^
  File "/home/ubu/Desktop/Assessment/.venv/lib/python3.12/site-packages/sklearn/metrics/_scorer.py", line 96, in _cached_call
    result, _ = _get_response_values(
                ^^^^^^^^^^^^^^^^^^^^^
  File "/home/ubu/Desktop/Assessment/.venv/lib/python3.12/site-packages/sklearn/utils/_response.py", line 207, in _get_response_values
    raise ValueError(
ValueError: pos_label=1 is not a valid label: It should be one of [0]

  warnings.warn(
/home/ubu/Desktop/Assessment/.venv/lib/python3.12/site-packages/sklearn/model_selection/_validation.py:927: UserWarning: Scoring failed. The score on this train-test partition for these parameters will be set to nan. Details: 
Traceback (most recent call last):
  File "/home/ubu/Desktop/Assessment/.venv/lib/python3.12/site-packages/sklearn/model_selection/_validation.py", line 916, in _score
    scores = scorer(estimator, X_test, y_test, **score_params)
             ^^^^^^^^^^^^^^^^^^^^^^^^^^^^^^^^^^^^^^^^^^^^^^^^^
  File "/home/ubu/Desktop/Assessment/.venv/lib/python3.12/site-packages/sklearn/metrics/_scorer.py", line 317, in __call__
    return self._score(partial(_cached_call, None), estimator, X, y_true, **_kwargs)
           ^^^^^^^^^^^^^^^^^^^^^^^^^^^^^^^^^^^^^^^^^^^^^^^^^^^^^^^^^^^^^^^^^^^^^^^^^
  File "/home/ubu/Desktop/Assessment/.venv/lib/python3.12/site-packages/sklearn/metrics/_scorer.py", line 409, in _score
    y_pred = method_caller(
             ^^^^^^^^^^^^^^
  File "/home/ubu/Desktop/Assessment/.venv/lib/python3.12/site-packages/sklearn/metrics/_scorer.py", line 96, in _cached_call
    result, _ = _get_response_values(
                ^^^^^^^^^^^^^^^^^^^^^
  File "/home/ubu/Desktop/Assessment/.venv/lib/python3.12/site-packages/sklearn/utils/_response.py", line 207, in _get_response_values
    raise ValueError(
ValueError: pos_label=1 is not a valid label: It should be one of [0]

  warnings.warn(
/home/ubu/Desktop/Assessment/.venv/lib/python3.12/site-packages/sklearn/model_selection/_validation.py:927: UserWarning: Scoring failed. The score on this train-test partition for these parameters will be set to nan. Details: 
Traceback (most recent call last):
  File "/home/ubu/Desktop/Assessment/.venv/lib/python3.12/site-packages/sklearn/model_selection/_validation.py", line 916, in _score
    scores = scorer(estimator, X_test, y_test, **score_params)
             ^^^^^^^^^^^^^^^^^^^^^^^^^^^^^^^^^^^^^^^^^^^^^^^^^
  File "/home/ubu/Desktop/Assessment/.venv/lib/python3.12/site-packages/sklearn/metrics/_scorer.py", line 317, in __call__
    return self._score(partial(_cached_call, None), estimator, X, y_true, **_kwargs)
           ^^^^^^^^^^^^^^^^^^^^^^^^^^^^^^^^^^^^^^^^^^^^^^^^^^^^^^^^^^^^^^^^^^^^^^^^^
  File "/home/ubu/Desktop/Assessment/.venv/lib/python3.12/site-packages/sklearn/metrics/_scorer.py", line 409, in _score
    y_pred = method_caller(
             ^^^^^^^^^^^^^^
  File "/home/ubu/Desktop/Assessment/.venv/lib/python3.12/site-packages/sklearn/metrics/_scorer.py", line 96, in _cached_call
    result, _ = _get_response_values(
                ^^^^^^^^^^^^^^^^^^^^^
  File "/home/ubu/Desktop/Assessment/.venv/lib/python3.12/site-packages/sklearn/utils/_response.py", line 207, in _get_response_values
    raise ValueError(
ValueError: pos_label=1 is not a valid label: It should be one of [0]

  warnings.warn(
/home/ubu/Desktop/Assessment/.venv/lib/python3.12/site-packages/sklearn/model_selection/_validation.py:927: UserWarning: Scoring failed. The score on this train-test partition for these parameters will be set to nan. Details: 
Traceback (most recent call last):
  File "/home/ubu/Desktop/Assessment/.venv/lib/python3.12/site-packages/sklearn/model_selection/_validation.py", line 916, in _score
    scores = scorer(estimator, X_test, y_test, **score_params)
             ^^^^^^^^^^^^^^^^^^^^^^^^^^^^^^^^^^^^^^^^^^^^^^^^^
  File "/home/ubu/Desktop/Assessment/.venv/lib/python3.12/site-packages/sklearn/metrics/_scorer.py", line 317, in __call__
    return self._score(partial(_cached_call, None), estimator, X, y_true, **_kwargs)
           ^^^^^^^^^^^^^^^^^^^^^^^^^^^^^^^^^^^^^^^^^^^^^^^^^^^^^^^^^^^^^^^^^^^^^^^^^
  File "/home/ubu/Desktop/Assessment/.venv/lib/python3.12/site-packages/sklearn/metrics/_scorer.py", line 409, in _score
    y_pred = method_caller(
             ^^^^^^^^^^^^^^
  File "/home/ubu/Desktop/Assessment/.venv/lib/python3.12/site-packages/sklearn/metrics/_scorer.py", line 96, in _cached_call
    result, _ = _get_response_values(
                ^^^^^^^^^^^^^^^^^^^^^
  File "/home/ubu/Desktop/Assessment/.venv/lib/python3.12/site-packages/sklearn/utils/_response.py", line 207, in _get_response_values
    raise ValueError(
ValueError: pos_label=1 is not a valid label: It should be one of [0]

  warnings.warn(
/home/ubu/Desktop/Assessment/.venv/lib/python3.12/site-packages/sklearn/model_selection/_validation.py:927: UserWarning: Scoring failed. The score on this train-test partition for these parameters will be set to nan. Details: 
Traceback (most recent call last):
  File "/home/ubu/Desktop/Assessment/.venv/lib/python3.12/site-packages/sklearn/model_selection/_validation.py", line 916, in _score
    scores = scorer(estimator, X_test, y_test, **score_params)
             ^^^^^^^^^^^^^^^^^^^^^^^^^^^^^^^^^^^^^^^^^^^^^^^^^
  File "/home/ubu/Desktop/Assessment/.venv/lib/python3.12/site-packages/sklearn/metrics/_scorer.py", line 317, in __call__
    return self._score(partial(_cached_call, None), estimator, X, y_true, **_kwargs)
           ^^^^^^^^^^^^^^^^^^^^^^^^^^^^^^^^^^^^^^^^^^^^^^^^^^^^^^^^^^^^^^^^^^^^^^^^^
  File "/home/ubu/Desktop/Assessment/.venv/lib/python3.12/site-packages/sklearn/metrics/_scorer.py", line 409, in _score
    y_pred = method_caller(
             ^^^^^^^^^^^^^^
  File "/home/ubu/Desktop/Assessment/.venv/lib/python3.12/site-packages/sklearn/metrics/_scorer.py", line 96, in _cached_call
    result, _ = _get_response_values(
                ^^^^^^^^^^^^^^^^^^^^^
  File "/home/ubu/Desktop/Assessment/.venv/lib/python3.12/site-packages/sklearn/utils/_response.py", line 207, in _get_response_values
    raise ValueError(
ValueError: pos_label=1 is not a valid label: It should be one of [0]

  warnings.warn(

[hog_svm_cv] 5-Fold CV Results:
 fold  train_accuracy  val_accuracy   val_f1  overfit_gap
    1        0.975057      0.711712 0.753846     0.263345
    2        0.972789      0.729730 0.758065     0.243059
    3        0.984163      0.781818 0.793103     0.202345
    4        0.979638      0.763636 0.790323     0.216002
    5        0.972851      0.781818 0.806452     0.191032
  Mean val accuracy: 0.7537 +/- 0.0317
  Mean val F1:       0.7804 +/- 0.0231
  Mean overfit gap:  0.2232

[hog_mlp_cv] 5-Fold CV Results:
 fold  train_accuracy  val_accuracy   val_f1  overfit_gap
    1        0.970522      0.720721 0.743802     0.249801
    2        0.975057      0.783784 0.806452     0.191273
    3        0.975113      0.845455 0.852174     0.129659
    4        0.981900      0.790909 0.816000     0.190991
    5        0.984163      0.809091 0.803738     0.175072
  Mean val accuracy: 0.7900 +/- 0.0455
  Mean val F1:       0.8044 +/- 0.0390
  Mean overfit gap:  0.1874

Generating learning curves (this may take a moment)...

=== Cross-Validation Complete ===
Results saved to: runs2/iter1_crossval
